Single-turn image-ingestion diagnostic only; original candidate benchmark will not be rerun.
Models: ollama_qwen3_5_35b ollama_qwen3_vl_32b_instruct_q4_K_M ollama_qwen3_vl_30b_a3b_instruct_q4_K_M
Sample limit: none
diagnostic 1/75: positive_aggregate_001 / ollama_qwen3_5_35b / O0_O1 error=False
diagnostic 2/75: positive_aggregate_001 / ollama_qwen3_5_35b / O1_O0 error=False
diagnostic 3/75: positive_aggregate_001 / ollama_qwen3_5_35b / O0_only error=False
diagnostic 4/75: positive_aggregate_001 / ollama_qwen3_5_35b / O1_only error=False
diagnostic 5/75: positive_aggregate_001 / ollama_qwen3_5_35b / O0_O0 error=False
diagnostic 6/75: no_tool_control_001 / ollama_qwen3_5_35b / O0_O1 error=False
diagnostic 7/75: no_tool_control_001 / ollama_qwen3_5_35b / O1_O0 error=False
diagnostic 8/75: no_tool_control_001 / ollama_qwen3_5_35b / O0_only error=False
diagnostic 9/75: no_tool_control_001 / ollama_qwen3_5_35b / O1_only error=False
diagnostic 10/75: no_tool_control_001 / ollama_qwen3_5_35b / O0_O0 error=False
diagnostic 11/75: same_o1_aggregate_001 / ollama_qwen3_5_35b / O0_O1 error=False
diagnostic 12/75: same_o1_aggregate_001 / ollama_qwen3_5_35b / O1_O0 error=False
diagnostic 13/75: same_o1_aggregate_001 / ollama_qwen3_5_35b / O0_only error=False
diagnostic 14/75: same_o1_aggregate_001 / ollama_qwen3_5_35b / O1_only error=False
diagnostic 15/75: same_o1_aggregate_001 / ollama_qwen3_5_35b / O0_O0 error=False
diagnostic 16/75: same_o1_direct_001 / ollama_qwen3_5_35b / O0_O1 error=False
diagnostic 17/75: same_o1_direct_001 / ollama_qwen3_5_35b / O1_O0 error=False
diagnostic 18/75: same_o1_direct_001 / ollama_qwen3_5_35b / O0_only error=False
diagnostic 19/75: same_o1_direct_001 / ollama_qwen3_5_35b / O1_only error=False
diagnostic 20/75: same_o1_direct_001 / ollama_qwen3_5_35b / O0_O0 error=False
diagnostic 21/75: wrong_helper_negative_aggregate_001 / ollama_qwen3_5_35b / O0_O1 error=False
diagnostic 22/75: wrong_helper_negative_aggregate_001 / ollama_qwen3_5_35b / O1_O0 error=False
diagnostic 23/75: wrong_helper_negative_aggregate_001 / ollama_qwen3_5_35b / O0_only error=False
diagnostic 24/75: wrong_helper_negative_aggregate_001 / ollama_qwen3_5_35b / O1_only error=False
diagnostic 25/75: wrong_helper_negative_aggregate_001 / ollama_qwen3_5_35b / O0_O0 error=False
diagnostic 26/75: positive_aggregate_001 / ollama_qwen3_vl_32b_instruct_q4_K_M / O0_O1 error=False
diagnostic 27/75: positive_aggregate_001 / ollama_qwen3_vl_32b_instruct_q4_K_M / O1_O0 error=False
diagnostic 28/75: positive_aggregate_001 / ollama_qwen3_vl_32b_instruct_q4_K_M / O0_only error=False
diagnostic 29/75: positive_aggregate_001 / ollama_qwen3_vl_32b_instruct_q4_K_M / O1_only error=False
diagnostic 30/75: positive_aggregate_001 / ollama_qwen3_vl_32b_instruct_q4_K_M / O0_O0 error=False
diagnostic 31/75: no_tool_control_001 / ollama_qwen3_vl_32b_instruct_q4_K_M / O0_O1 error=False
diagnostic 32/75: no_tool_control_001 / ollama_qwen3_vl_32b_instruct_q4_K_M / O1_O0 error=False
diagnostic 33/75: no_tool_control_001 / ollama_qwen3_vl_32b_instruct_q4_K_M / O0_only error=False
diagnostic 34/75: no_tool_control_001 / ollama_qwen3_vl_32b_instruct_q4_K_M / O1_only error=False
diagnostic 35/75: no_tool_control_001 / ollama_qwen3_vl_32b_instruct_q4_K_M / O0_O0 error=False
diagnostic 36/75: same_o1_aggregate_001 / ollama_qwen3_vl_32b_instruct_q4_K_M / O0_O1 error=False
diagnostic 37/75: same_o1_aggregate_001 / ollama_qwen3_vl_32b_instruct_q4_K_M / O1_O0 error=False
diagnostic 38/75: same_o1_aggregate_001 / ollama_qwen3_vl_32b_instruct_q4_K_M / O0_only error=False
diagnostic 39/75: same_o1_aggregate_001 / ollama_qwen3_vl_32b_instruct_q4_K_M / O1_only error=False
diagnostic 40/75: same_o1_aggregate_001 / ollama_qwen3_vl_32b_instruct_q4_K_M / O0_O0 error=False
diagnostic 41/75: same_o1_direct_001 / ollama_qwen3_vl_32b_instruct_q4_K_M / O0_O1 error=False
diagnostic 42/75: same_o1_direct_001 / ollama_qwen3_vl_32b_instruct_q4_K_M / O1_O0 error=False
diagnostic 43/75: same_o1_direct_001 / ollama_qwen3_vl_32b_instruct_q4_K_M / O0_only error=False
diagnostic 44/75: same_o1_direct_001 / ollama_qwen3_vl_32b_instruct_q4_K_M / O1_only error=False
diagnostic 45/75: same_o1_direct_001 / ollama_qwen3_vl_32b_instruct_q4_K_M / O0_O0 error=False
diagnostic 46/75: wrong_helper_negative_aggregate_001 / ollama_qwen3_vl_32b_instruct_q4_K_M / O0_O1 error=False
diagnostic 47/75: wrong_helper_negative_aggregate_001 / ollama_qwen3_vl_32b_instruct_q4_K_M / O1_O0 error=False
diagnostic 48/75: wrong_helper_negative_aggregate_001 / ollama_qwen3_vl_32b_instruct_q4_K_M / O0_only error=False
diagnostic 49/75: wrong_helper_negative_aggregate_001 / ollama_qwen3_vl_32b_instruct_q4_K_M / O1_only error=False
diagnostic 50/75: wrong_helper_negative_aggregate_001 / ollama_qwen3_vl_32b_instruct_q4_K_M / O0_O0 error=False
diagnostic 51/75: positive_aggregate_001 / ollama_qwen3_vl_30b_a3b_instruct_q4_K_M / O0_O1 error=False
diagnostic 52/75: positive_aggregate_001 / ollama_qwen3_vl_30b_a3b_instruct_q4_K_M / O1_O0 error=False
diagnostic 53/75: positive_aggregate_001 / ollama_qwen3_vl_30b_a3b_instruct_q4_K_M / O0_only error=False
diagnostic 54/75: positive_aggregate_001 / ollama_qwen3_vl_30b_a3b_instruct_q4_K_M / O1_only error=False
diagnostic 55/75: positive_aggregate_001 / ollama_qwen3_vl_30b_a3b_instruct_q4_K_M / O0_O0 error=False
diagnostic 56/75: no_tool_control_001 / ollama_qwen3_vl_30b_a3b_instruct_q4_K_M / O0_O1 error=False
diagnostic 57/75: no_tool_control_001 / ollama_qwen3_vl_30b_a3b_instruct_q4_K_M / O1_O0 error=False
diagnostic 58/75: no_tool_control_001 / ollama_qwen3_vl_30b_a3b_instruct_q4_K_M / O0_only error=False
diagnostic 59/75: no_tool_control_001 / ollama_qwen3_vl_30b_a3b_instruct_q4_K_M / O1_only error=False
diagnostic 60/75: no_tool_control_001 / ollama_qwen3_vl_30b_a3b_instruct_q4_K_M / O0_O0 error=False
diagnostic 61/75: same_o1_aggregate_001 / ollama_qwen3_vl_30b_a3b_instruct_q4_K_M / O0_O1 error=False
diagnostic 62/75: same_o1_aggregate_001 / ollama_qwen3_vl_30b_a3b_instruct_q4_K_M / O1_O0 error=False
diagnostic 63/75: same_o1_aggregate_001 / ollama_qwen3_vl_30b_a3b_instruct_q4_K_M / O0_only error=False
diagnostic 64/75: same_o1_aggregate_001 / ollama_qwen3_vl_30b_a3b_instruct_q4_K_M / O1_only error=False
diagnostic 65/75: same_o1_aggregate_001 / ollama_qwen3_vl_30b_a3b_instruct_q4_K_M / O0_O0 error=False
diagnostic 66/75: same_o1_direct_001 / ollama_qwen3_vl_30b_a3b_instruct_q4_K_M / O0_O1 error=False
diagnostic 67/75: same_o1_direct_001 / ollama_qwen3_vl_30b_a3b_instruct_q4_K_M / O1_O0 error=False
diagnostic 68/75: same_o1_direct_001 / ollama_qwen3_vl_30b_a3b_instruct_q4_K_M / O0_only error=False
diagnostic 69/75: same_o1_direct_001 / ollama_qwen3_vl_30b_a3b_instruct_q4_K_M / O1_only error=False
diagnostic 70/75: same_o1_direct_001 / ollama_qwen3_vl_30b_a3b_instruct_q4_K_M / O0_O0 error=False
diagnostic 71/75: wrong_helper_negative_aggregate_001 / ollama_qwen3_vl_30b_a3b_instruct_q4_K_M / O0_O1 error=False
diagnostic 72/75: wrong_helper_negative_aggregate_001 / ollama_qwen3_vl_30b_a3b_instruct_q4_K_M / O1_O0 error=False
diagnostic 73/75: wrong_helper_negative_aggregate_001 / ollama_qwen3_vl_30b_a3b_instruct_q4_K_M / O0_only error=False
diagnostic 74/75: wrong_helper_negative_aggregate_001 / ollama_qwen3_vl_30b_a3b_instruct_q4_K_M / O1_only error=False
diagnostic 75/75: wrong_helper_negative_aggregate_001 / ollama_qwen3_vl_30b_a3b_instruct_q4_K_M / O0_O0 error=False
Wrote diagnostic outputs: /home/yurunze/peter_ws/m2g_learn/20260622Fourlegged_tool_aware/code/AHD-benchmark/outputs/sanity_check_single_turn_two_images
Wrote completion report: /home/yurunze/peter_ws/m2g_learn/20260622Fourlegged_tool_aware/code/AHD-benchmark/outputs/logs/check_single_turn_two_image_ingestion_completion_report.md
