{"input_dir": "/home/yurunze/peter_ws/m2g_learn/20260622Fourlegged_tool_aware/code/test_current_vlm/tool_counterexample_benchmark/outputs/sequential_o0_o1_core_clean_4models", "output_dir": "/home/yurunze/peter_ws/m2g_learn/20260622Fourlegged_tool_aware/code/test_current_vlm/tool_counterexample_benchmark/outputs/sequential_o0_o1_core_clean_4models/analysis_v2", "evaluator_version": "sequential_heuristic_v2", "raw_rows": 384, "response_status_counts": {"ok_eval": 338, "generation_budget_exhausted": 45, "schema_echo": 1}, "status_counts": {"fail": 113, "pass": 68, "not_evaluated": 45, "needs_review": 158}, "manual_review_rows": 278, "copied_analysis_image_samples": 8}
{"input_dir": "/home/yurunze/peter_ws/m2g_learn/20260622Fourlegged_tool_aware/code/test_current_vlm/tool_counterexample_benchmark/outputs/sequential_o0_o1_prompt_sensitivity_3models", "output_dir": "/home/yurunze/peter_ws/m2g_learn/20260622Fourlegged_tool_aware/code/test_current_vlm/tool_counterexample_benchmark/outputs/sequential_o0_o1_prompt_sensitivity_3models/analysis_v2", "evaluator_version": "sequential_heuristic_v2", "raw_rows": 540, "response_status_counts": {"ok_eval": 526, "generation_budget_exhausted": 14}, "status_counts": {"fail": 124, "pass": 177, "needs_review": 225, "not_evaluated": 14}, "manual_review_rows": 466, "copied_analysis_image_samples": 5}
judged 5/338: ('positive_aggregate_001', 'ollama_qwen3_vl_32b_instruct_q4_K_M', 'multi_image__efficient_safe_free_plan') status=ok
judged 10/338: ('positive_aggregate_001', 'ollama_qwen3_vl_8b', 'multi_image__natural_free_plan_humanoid_dual_arm') status=ok
judged 15/338: ('positive_aggregate_001', 'ollama_qwen3_vl_32b_instruct_q4_K_M', 'multi_image__natural_free_plan_quadruped_single_arm') status=ok
judged 20/338: ('positive_reach_001', 'ollama_qwen3_vl_32b_instruct_q4_K_M', 'multi_image__natural_free_plan') status=ok
judged 25/338: ('positive_reach_001', 'ollama_qwen3_vl_32b_instruct_q4_K_M', 'two_turn__efficient_safe_free_plan') status=ok
judged 30/338: ('positive_reach_001', 'ollama_qwen3_vl_32b_instruct_q4_K_M', 'multi_image__efficient_safe_free_plan_humanoid_dual_arm') status=ok
judged 35/338: ('positive_reach_001', 'ollama_qwen3_vl_32b_instruct_q4_K_M', 'two_turn__natural_free_plan_quadruped_single_arm') status=ok
judged 40/338: ('wrong_helper_negative_aggregate_001', 'ollama_qwen3_vl_32b_instruct_q4_K_M', 'two_turn__natural_free_plan') status=ok
judged 45/338: ('wrong_helper_negative_aggregate_001', 'ollama_qwen3_vl_32b_instruct_q4_K_M', 'multi_image__efficient_safe_free_plan_humanoid_dual_arm') status=ok
judged 50/338: ('positive_reach_001', 'ollama_qwen3_vl_8b', 'two_turn__efficient_safe_free_plan_quadruped_single_arm') status=ok
judged 55/338: ('wrong_helper_negative_reach_001', 'ollama_qwen3_vl_32b_instruct_q4_K_M', 'two_turn__natural_free_plan') status=ok
judged 60/338: ('wrong_helper_negative_reach_001', 'ollama_qwen3_vl_32b_instruct_q4_K_M', 'two_turn__natural_free_plan_humanoid_dual_arm') status=ok
judged 65/338: ('wrong_helper_negative_reach_001', 'ollama_qwen3_vl_32b_instruct_q4_K_M', 'two_turn__natural_free_plan_quadruped_single_arm') status=ok
judged 70/338: ('no_tool_control_001', 'ollama_qwen3_vl_32b_instruct_q4_K_M', 'two_turn__natural_free_plan') status=ok
judged 75/338: ('no_tool_control_001', 'ollama_qwen3_vl_32b_instruct_q4_K_M', 'multi_image__efficient_safe_free_plan_humanoid_dual_arm') status=ok
judged 80/338: ('no_tool_control_001', 'ollama_qwen3_vl_32b_instruct_q4_K_M', 'two_turn__natural_free_plan_quadruped_single_arm') status=ok
judged 85/338: ('same_o1_aggregate_001', 'ollama_qwen3_vl_32b_instruct_q4_K_M', 'multi_image__natural_free_plan') status=ok
judged 90/338: ('wrong_helper_negative_reach_001', 'ollama_qwen3_vl_8b', 'two_turn__natural_free_plan_humanoid_dual_arm') status=ok
judged 95/338: ('same_o1_aggregate_001', 'ollama_qwen3_vl_32b_instruct_q4_K_M', 'multi_image__natural_free_plan_quadruped_single_arm') status=ok
judged 100/338: ('same_o1_direct_001', 'ollama_qwen3_vl_32b_instruct_q4_K_M', 'two_turn__natural_free_plan') status=ok
judged 105/338: ('same_o1_direct_001', 'ollama_qwen3_vl_32b_instruct_q4_K_M', 'two_turn__natural_free_plan_humanoid_dual_arm') status=ok
judged 110/338: ('no_tool_control_001', 'ollama_qwen3_vl_8b', 'two_turn__efficient_safe_free_plan') status=ok
judged 115/338: ('same_o1_direct_001', 'ollama_qwen3_vl_32b_instruct_q4_K_M', 'two_turn__efficient_safe_free_plan_quadruped_single_arm') status=ok
judged 120/338: ('same_o1_reach_001', 'ollama_qwen3_vl_32b_instruct_q4_K_M', 'two_turn__efficient_safe_free_plan') status=ok
judged 125/338: ('same_o1_reach_001', 'ollama_qwen3_vl_32b_instruct_q4_K_M', 'two_turn__efficient_safe_free_plan_humanoid_dual_arm') status=ok
judged 130/338: ('same_o1_reach_001', 'ollama_qwen3_vl_32b_instruct_q4_K_M', 'two_turn__efficient_safe_free_plan_quadruped_single_arm') status=ok
judged 135/338: ('positive_aggregate_001', 'ollama_qwen3_vl_30b_a3b_instruct_q4_K_M', 'two_turn__efficient_safe_free_plan') status=ok
judged 140/338: ('positive_aggregate_001', 'ollama_qwen3_vl_30b_a3b_instruct_q4_K_M', 'two_turn__efficient_safe_free_plan_humanoid_dual_arm') status=ok
judged 145/338: ('positive_aggregate_001', 'ollama_qwen3_vl_30b_a3b_instruct_q4_K_M', 'two_turn__efficient_safe_free_plan_quadruped_single_arm') status=ok
judged 150/338: ('positive_reach_001', 'ollama_qwen3_vl_30b_a3b_instruct_q4_K_M', 'multi_image__natural_free_plan_humanoid_dual_arm') status=ok
judged 155/338: ('positive_reach_001', 'ollama_qwen3_vl_30b_a3b_instruct_q4_K_M', 'two_turn__natural_free_plan_quadruped_single_arm') status=ok
judged 160/338: ('wrong_helper_negative_aggregate_001', 'ollama_qwen3_vl_30b_a3b_instruct_q4_K_M', 'multi_image__efficient_safe_free_plan') status=ok
judged 165/338: ('wrong_helper_negative_aggregate_001', 'ollama_qwen3_vl_30b_a3b_instruct_q4_K_M', 'two_turn__efficient_safe_free_plan_humanoid_dual_arm') status=ok
judged 170/338: ('wrong_helper_negative_reach_001', 'ollama_qwen3_vl_30b_a3b_instruct_q4_K_M', 'multi_image__natural_free_plan') status=ok
judged 175/338: ('wrong_helper_negative_reach_001', 'ollama_qwen3_vl_30b_a3b_instruct_q4_K_M', 'multi_image__natural_free_plan_humanoid_dual_arm') status=ok
judged 180/338: ('wrong_helper_negative_reach_001', 'ollama_qwen3_vl_30b_a3b_instruct_q4_K_M', 'two_turn__natural_free_plan_quadruped_single_arm') status=ok
judged 185/338: ('no_tool_control_001', 'ollama_qwen3_vl_30b_a3b_instruct_q4_K_M', 'two_turn__natural_free_plan') status=ok
judged 190/338: ('no_tool_control_001', 'ollama_qwen3_vl_30b_a3b_instruct_q4_K_M', 'two_turn__natural_free_plan_humanoid_dual_arm') status=ok
judged 195/338: ('no_tool_control_001', 'ollama_qwen3_vl_30b_a3b_instruct_q4_K_M', 'two_turn__natural_free_plan_quadruped_single_arm') status=ok
judged 200/338: ('same_o1_direct_001', 'ollama_qwen3_vl_8b', 'two_turn__efficient_safe_free_plan') status=ok
judged 205/338: ('same_o1_aggregate_001', 'ollama_qwen3_vl_30b_a3b_instruct_q4_K_M', 'two_turn__natural_free_plan_humanoid_dual_arm') status=ok
judged 210/338: ('same_o1_aggregate_001', 'ollama_qwen3_vl_30b_a3b_instruct_q4_K_M', 'two_turn__natural_free_plan_quadruped_single_arm') status=ok
judged 215/338: ('same_o1_direct_001', 'ollama_qwen3_vl_30b_a3b_instruct_q4_K_M', 'multi_image__efficient_safe_free_plan') status=ok
judged 220/338: ('same_o1_direct_001', 'ollama_qwen3_vl_30b_a3b_instruct_q4_K_M', 'two_turn__efficient_safe_free_plan_humanoid_dual_arm') status=ok
judged 225/338: ('same_o1_direct_001', 'ollama_qwen3_vl_30b_a3b_instruct_q4_K_M', 'multi_image__efficient_safe_free_plan_quadruped_single_arm') status=ok
judged 230/338: ('same_o1_reach_001', 'ollama_qwen3_vl_30b_a3b_instruct_q4_K_M', 'two_turn__efficient_safe_free_plan') status=ok
judged 235/338: ('same_o1_reach_001', 'ollama_qwen3_vl_30b_a3b_instruct_q4_K_M', 'two_turn__efficient_safe_free_plan_humanoid_dual_arm') status=ok
judged 240/338: ('same_o1_direct_001', 'ollama_qwen3_vl_8b', 'two_turn__efficient_safe_free_plan_quadruped_single_arm') status=ok
judged 245/338: ('positive_aggregate_001', 'ollama_qwen3_5_35b', 'two_turn__efficient_safe_free_plan') status=ok
judged 250/338: ('positive_aggregate_001', 'ollama_qwen3_5_35b', 'multi_image__efficient_safe_free_plan_humanoid_dual_arm') status=ok
judged 255/338: ('positive_aggregate_001', 'ollama_qwen3_5_35b', 'multi_image__efficient_safe_free_plan_quadruped_single_arm') status=ok
judged 260/338: ('positive_reach_001', 'ollama_qwen3_5_35b', 'multi_image__natural_free_plan_humanoid_dual_arm') status=ok
judged 265/338: ('positive_reach_001', 'ollama_qwen3_5_35b', 'two_turn__natural_free_plan_quadruped_single_arm') status=ok
judged 270/338: ('wrong_helper_negative_aggregate_001', 'ollama_qwen3_5_35b', 'two_turn__natural_free_plan') status=ok
judged 275/338: ('wrong_helper_negative_aggregate_001', 'ollama_qwen3_5_35b', 'multi_image__efficient_safe_free_plan_humanoid_dual_arm') status=ok
judged 280/338: ('wrong_helper_negative_aggregate_001', 'ollama_qwen3_5_35b', 'two_turn__efficient_safe_free_plan_quadruped_single_arm') status=ok
judged 285/338: ('wrong_helper_negative_reach_001', 'ollama_qwen3_5_35b', 'two_turn__efficient_safe_free_plan') status=ok
judged 290/338: ('wrong_helper_negative_reach_001', 'ollama_qwen3_5_35b', 'multi_image__natural_free_plan_quadruped_single_arm') status=ok
judged 295/338: ('no_tool_control_001', 'ollama_qwen3_5_35b', 'two_turn__natural_free_plan') status=ok
judged 300/338: ('no_tool_control_001', 'ollama_qwen3_5_35b', 'multi_image__efficient_safe_free_plan_humanoid_dual_arm') status=ok
judged 305/338: ('no_tool_control_001', 'ollama_qwen3_5_35b', 'two_turn__efficient_safe_free_plan_quadruped_single_arm') status=ok
judged 310/338: ('same_o1_aggregate_001', 'ollama_qwen3_5_35b', 'two_turn__natural_free_plan_humanoid_dual_arm') status=ok
judged 315/338: ('same_o1_aggregate_001', 'ollama_qwen3_5_35b', 'multi_image__efficient_safe_free_plan_quadruped_single_arm') status=ok
judged 320/338: ('same_o1_direct_001', 'ollama_qwen3_5_35b', 'two_turn__efficient_safe_free_plan') status=ok
judged 325/338: ('same_o1_direct_001', 'ollama_qwen3_5_35b', 'multi_image__natural_free_plan_quadruped_single_arm') status=ok
judged 330/338: ('same_o1_reach_001', 'ollama_qwen3_5_35b', 'two_turn__natural_free_plan') status=ok
judged 335/338: ('same_o1_reach_001', 'ollama_qwen3_5_35b', 'multi_image__natural_free_plan_quadruped_single_arm') status=ok
judged 338/338: ('same_o1_reach_001', 'ollama_qwen3_5_35b', 'two_turn__efficient_safe_free_plan_quadruped_single_arm') status=ok
eligible ok_eval rows: 338
judge output rows: 338
Wrote: /home/yurunze/peter_ws/m2g_learn/20260622Fourlegged_tool_aware/code/test_current_vlm/tool_counterexample_benchmark/outputs/sequential_o0_o1_core_clean_4models/analysis_v2/response_judge_qwen32
judged 5/526: ('positive_aggregate_001', 'ollama_qwen3_vl_30b_a3b_instruct_q4_K_M', 'two_turn__efficient_safe_free_plan') status=ok
judged 10/526: ('positive_aggregate_001', 'ollama_qwen3_vl_30b_a3b_instruct_q4_K_M', 'multi_image__search_explicit_strong_decomposition_free_plan') status=ok
judged 15/526: ('positive_aggregate_001', 'ollama_qwen3_vl_30b_a3b_instruct_q4_K_M', 'multi_image__natural_free_plan_humanoid_dual_arm') status=ok
judged 20/526: ('positive_aggregate_001', 'ollama_qwen3_vl_30b_a3b_instruct_q4_K_M', 'multi_image__tool_prior_free_plan_humanoid_dual_arm') status=ok
judged 25/526: ('positive_aggregate_001', 'ollama_qwen3_vl_32b_instruct_q4_K_M', 'two_turn__efficient_safe_free_plan') status=ok
judged 30/526: ('positive_aggregate_001', 'ollama_qwen3_vl_30b_a3b_instruct_q4_K_M', 'two_turn__natural_free_plan_quadruped_single_arm') status=ok
judged 35/526: ('positive_aggregate_001', 'ollama_qwen3_vl_30b_a3b_instruct_q4_K_M', 'two_turn__tool_prior_free_plan_quadruped_single_arm') status=ok
judged 40/526: ('positive_aggregate_001', 'ollama_qwen3_vl_30b_a3b_instruct_q4_K_M', 'multi_image__structured_tool_action_chain_probe_quadruped_single_arm') status=ok
judged 45/526: ('wrong_helper_negative_aggregate_001', 'ollama_qwen3_vl_30b_a3b_instruct_q4_K_M', 'multi_image__efficient_safe_free_plan') status=ok
judged 50/526: ('wrong_helper_negative_aggregate_001', 'ollama_qwen3_vl_30b_a3b_instruct_q4_K_M', 'multi_image__strong_decomposition_free_plan') status=ok
judged 55/526: ('wrong_helper_negative_aggregate_001', 'ollama_qwen3_vl_30b_a3b_instruct_q4_K_M', 'two_turn__structured_tool_probe') status=ok
judged 60/526: ('wrong_helper_negative_aggregate_001', 'ollama_qwen3_vl_30b_a3b_instruct_q4_K_M', 'two_turn__efficient_safe_free_plan_humanoid_dual_arm') status=ok
judged 65/526: ('wrong_helper_negative_aggregate_001', 'ollama_qwen3_vl_30b_a3b_instruct_q4_K_M', 'two_turn__strong_decomposition_free_plan_humanoid_dual_arm') status=ok
judged 70/526: ('wrong_helper_negative_aggregate_001', 'ollama_qwen3_vl_30b_a3b_instruct_q4_K_M', 'multi_image__natural_free_plan_quadruped_single_arm') status=ok
judged 75/526: ('wrong_helper_negative_aggregate_001', 'ollama_qwen3_vl_30b_a3b_instruct_q4_K_M', 'multi_image__tool_prior_free_plan_quadruped_single_arm') status=ok
judged 80/526: ('wrong_helper_negative_aggregate_001', 'ollama_qwen3_vl_30b_a3b_instruct_q4_K_M', 'multi_image__search_explicit_strong_decomposition_free_plan_quadruped_single_arm') status=ok
judged 85/526: ('same_o1_aggregate_001', 'ollama_qwen3_vl_30b_a3b_instruct_q4_K_M', 'two_turn__natural_free_plan') status=ok
judged 90/526: ('positive_aggregate_001', 'ollama_qwen3_vl_32b_instruct_q4_K_M', 'two_turn__structured_tool_probe') status=ok
judged 95/526: ('same_o1_aggregate_001', 'ollama_qwen3_vl_30b_a3b_instruct_q4_K_M', 'multi_image__structured_tool_probe') status=ok
judged 100/526: ('same_o1_aggregate_001', 'ollama_qwen3_vl_30b_a3b_instruct_q4_K_M', 'multi_image__efficient_safe_free_plan_humanoid_dual_arm') status=ok
judged 105/526: ('same_o1_aggregate_001', 'ollama_qwen3_vl_30b_a3b_instruct_q4_K_M', 'two_turn__strong_decomposition_free_plan_humanoid_dual_arm') status=ok
judged 110/526: ('same_o1_aggregate_001', 'ollama_qwen3_vl_30b_a3b_instruct_q4_K_M', 'two_turn__structured_tool_action_chain_probe_humanoid_dual_arm') status=ok
judged 115/526: ('same_o1_aggregate_001', 'ollama_qwen3_vl_30b_a3b_instruct_q4_K_M', 'two_turn__efficient_safe_free_plan_quadruped_single_arm') status=ok
judged 120/526: ('positive_aggregate_001', 'ollama_qwen3_vl_32b_instruct_q4_K_M', 'two_turn__efficient_safe_free_plan_humanoid_dual_arm') status=ok
judged 125/526: ('same_o1_direct_001', 'ollama_qwen3_vl_30b_a3b_instruct_q4_K_M', 'multi_image__natural_free_plan') status=ok
judged 130/526: ('same_o1_direct_001', 'ollama_qwen3_vl_30b_a3b_instruct_q4_K_M', 'multi_image__tool_prior_free_plan') status=ok
judged 135/526: ('same_o1_direct_001', 'ollama_qwen3_vl_30b_a3b_instruct_q4_K_M', 'two_turn__search_explicit_strong_decomposition_free_plan') status=ok
judged 140/526: ('same_o1_direct_001', 'ollama_qwen3_vl_30b_a3b_instruct_q4_K_M', 'two_turn__natural_free_plan_humanoid_dual_arm') status=ok
judged 145/526: ('same_o1_direct_001', 'ollama_qwen3_vl_30b_a3b_instruct_q4_K_M', 'two_turn__tool_prior_free_plan_humanoid_dual_arm') status=ok
judged 150/526: ('same_o1_direct_001', 'ollama_qwen3_vl_30b_a3b_instruct_q4_K_M', 'multi_image__structured_tool_action_chain_probe_humanoid_dual_arm') status=ok
judged 155/526: ('positive_aggregate_001', 'ollama_qwen3_vl_32b_instruct_q4_K_M', 'two_turn__strong_decomposition_free_plan_humanoid_dual_arm') status=ok
judged 160/526: ('positive_aggregate_001', 'ollama_qwen3_vl_32b_instruct_q4_K_M', 'multi_image__search_explicit_strong_decomposition_free_plan_humanoid_dual_arm') status=ok
judged 165/526: ('same_o1_direct_001', 'ollama_qwen3_vl_30b_a3b_instruct_q4_K_M', 'two_turn__structured_tool_action_chain_probe_quadruped_single_arm') status=ok
judged 170/526: ('positive_aggregate_001', 'ollama_qwen3_vl_32b_instruct_q4_K_M', 'two_turn__search_explicit_strong_decomposition_free_plan_humanoid_dual_arm') status=ok
judged 175/526: ('same_o1_reach_001', 'ollama_qwen3_vl_30b_a3b_instruct_q4_K_M', 'multi_image__search_explicit_strong_decomposition_free_plan') status=ok
judged 180/526: ('same_o1_reach_001', 'ollama_qwen3_vl_30b_a3b_instruct_q4_K_M', 'multi_image__natural_free_plan_humanoid_dual_arm') status=ok
judged 185/526: ('same_o1_reach_001', 'ollama_qwen3_vl_30b_a3b_instruct_q4_K_M', 'two_turn__tool_prior_free_plan_humanoid_dual_arm') status=ok
judged 190/526: ('same_o1_reach_001', 'ollama_qwen3_vl_30b_a3b_instruct_q4_K_M', 'multi_image__structured_tool_action_chain_probe_humanoid_dual_arm') status=ok
judged 195/526: ('same_o1_reach_001', 'ollama_qwen3_vl_30b_a3b_instruct_q4_K_M', 'multi_image__efficient_safe_free_plan_quadruped_single_arm') status=ok
judged 200/526: ('same_o1_reach_001', 'ollama_qwen3_vl_30b_a3b_instruct_q4_K_M', 'multi_image__strong_decomposition_free_plan_quadruped_single_arm') status=ok
judged 205/526: ('positive_aggregate_001', 'ollama_qwen3_vl_32b_instruct_q4_K_M', 'two_turn__natural_free_plan_quadruped_single_arm') status=ok
judged 210/526: ('positive_aggregate_001', 'ollama_qwen3_5_35b', 'two_turn__natural_free_plan') status=ok
judged 215/526: ('positive_aggregate_001', 'ollama_qwen3_vl_32b_instruct_q4_K_M', 'two_turn__strong_decomposition_free_plan_quadruped_single_arm') status=ok
judged 220/526: ('positive_aggregate_001', 'ollama_qwen3_vl_32b_instruct_q4_K_M', 'multi_image__structured_tool_action_chain_probe_quadruped_single_arm') status=ok
judged 225/526: ('wrong_helper_negative_aggregate_001', 'ollama_qwen3_vl_32b_instruct_q4_K_M', 'two_turn__natural_free_plan') status=ok
judged 230/526: ('positive_aggregate_001', 'ollama_qwen3_5_35b', 'multi_image__structured_tool_probe') status=ok
judged 235/526: ('wrong_helper_negative_aggregate_001', 'ollama_qwen3_vl_32b_instruct_q4_K_M', 'two_turn__strong_decomposition_free_plan') status=ok
judged 240/526: ('wrong_helper_negative_aggregate_001', 'ollama_qwen3_vl_32b_instruct_q4_K_M', 'multi_image__structured_tool_probe') status=ok
judged 245/526: ('positive_aggregate_001', 'ollama_qwen3_5_35b', 'two_turn__tool_prior_free_plan_humanoid_dual_arm') status=ok
judged 250/526: ('positive_aggregate_001', 'ollama_qwen3_5_35b', 'two_turn__strong_decomposition_free_plan_humanoid_dual_arm') status=ok
judged 255/526: ('wrong_helper_negative_aggregate_001', 'ollama_qwen3_vl_32b_instruct_q4_K_M', 'multi_image__strong_decomposition_free_plan_humanoid_dual_arm') status=ok
judged 260/526: ('wrong_helper_negative_aggregate_001', 'ollama_qwen3_vl_32b_instruct_q4_K_M', 'two_turn__search_explicit_strong_decomposition_free_plan_humanoid_dual_arm') status=ok
judged 265/526: ('wrong_helper_negative_aggregate_001', 'ollama_qwen3_vl_32b_instruct_q4_K_M', 'two_turn__structured_tool_action_chain_probe_humanoid_dual_arm') status=ok
judged 270/526: ('wrong_helper_negative_aggregate_001', 'ollama_qwen3_vl_32b_instruct_q4_K_M', 'multi_image__efficient_safe_free_plan_quadruped_single_arm') status=ok
judged 275/526: ('wrong_helper_negative_aggregate_001', 'ollama_qwen3_vl_32b_instruct_q4_K_M', 'two_turn__tool_prior_free_plan_quadruped_single_arm') status=ok
judged 280/526: ('wrong_helper_negative_aggregate_001', 'ollama_qwen3_vl_32b_instruct_q4_K_M', 'multi_image__search_explicit_strong_decomposition_free_plan_quadruped_single_arm') status=ok
judged 285/526: ('positive_aggregate_001', 'ollama_qwen3_5_35b', 'two_turn__structured_tool_action_chain_probe_quadruped_single_arm') status=ok
judged 290/526: ('wrong_helper_negative_aggregate_001', 'ollama_qwen3_5_35b', 'two_turn__natural_free_plan') status=ok
judged 295/526: ('same_o1_aggregate_001', 'ollama_qwen3_vl_32b_instruct_q4_K_M', 'two_turn__tool_prior_free_plan') status=ok
judged 300/526: ('same_o1_aggregate_001', 'ollama_qwen3_vl_32b_instruct_q4_K_M', 'two_turn__search_explicit_strong_decomposition_free_plan') status=ok
judged 305/526: ('wrong_helper_negative_aggregate_001', 'ollama_qwen3_5_35b', 'two_turn__strong_decomposition_free_plan') status=ok
judged 310/526: ('same_o1_aggregate_001', 'ollama_qwen3_vl_32b_instruct_q4_K_M', 'two_turn__efficient_safe_free_plan_humanoid_dual_arm') status=ok
judged 315/526: ('same_o1_aggregate_001', 'ollama_qwen3_vl_32b_instruct_q4_K_M', 'multi_image__strong_decomposition_free_plan_humanoid_dual_arm') status=ok
judged 320/526: ('same_o1_aggregate_001', 'ollama_qwen3_vl_32b_instruct_q4_K_M', 'two_turn__search_explicit_strong_decomposition_free_plan_humanoid_dual_arm') status=ok
judged 325/526: ('same_o1_aggregate_001', 'ollama_qwen3_vl_32b_instruct_q4_K_M', 'multi_image__natural_free_plan_quadruped_single_arm') status=ok
judged 330/526: ('wrong_helper_negative_aggregate_001', 'ollama_qwen3_5_35b', 'multi_image__strong_decomposition_free_plan_humanoid_dual_arm') status=ok
judged 335/526: ('same_o1_aggregate_001', 'ollama_qwen3_vl_32b_instruct_q4_K_M', 'multi_image__strong_decomposition_free_plan_quadruped_single_arm') status=ok
judged 340/526: ('same_o1_aggregate_001', 'ollama_qwen3_vl_32b_instruct_q4_K_M', 'two_turn__search_explicit_strong_decomposition_free_plan_quadruped_single_arm') status=ok
judged 345/526: ('same_o1_direct_001', 'ollama_qwen3_vl_32b_instruct_q4_K_M', 'multi_image__natural_free_plan') status=ok
judged 350/526: ('wrong_helper_negative_aggregate_001', 'ollama_qwen3_5_35b', 'two_turn__natural_free_plan_quadruped_single_arm') status=ok
judged 355/526: ('wrong_helper_negative_aggregate_001', 'ollama_qwen3_5_35b', 'two_turn__efficient_safe_free_plan_quadruped_single_arm') status=ok
judged 360/526: ('same_o1_direct_001', 'ollama_qwen3_vl_32b_instruct_q4_K_M', 'multi_image__structured_tool_probe') status=ok
judged 365/526: ('same_o1_direct_001', 'ollama_qwen3_vl_32b_instruct_q4_K_M', 'two_turn__natural_free_plan_humanoid_dual_arm') status=ok
judged 370/526: ('same_o1_direct_001', 'ollama_qwen3_vl_32b_instruct_q4_K_M', 'multi_image__tool_prior_free_plan_humanoid_dual_arm') status=ok
judged 375/526: ('same_o1_direct_001', 'ollama_qwen3_vl_32b_instruct_q4_K_M', 'two_turn__strong_decomposition_free_plan_humanoid_dual_arm') status=ok
judged 380/526: ('same_o1_direct_001', 'ollama_qwen3_vl_32b_instruct_q4_K_M', 'multi_image__structured_tool_action_chain_probe_humanoid_dual_arm') status=ok
judged 385/526: ('same_o1_direct_001', 'ollama_qwen3_vl_32b_instruct_q4_K_M', 'multi_image__efficient_safe_free_plan_quadruped_single_arm') status=ok
judged 390/526: ('same_o1_direct_001', 'ollama_qwen3_vl_32b_instruct_q4_K_M', 'multi_image__strong_decomposition_free_plan_quadruped_single_arm') status=ok
judged 395/526: ('same_o1_direct_001', 'ollama_qwen3_vl_32b_instruct_q4_K_M', 'multi_image__structured_tool_action_chain_probe_quadruped_single_arm') status=ok
judged 400/526: ('same_o1_aggregate_001', 'ollama_qwen3_5_35b', 'two_turn__strong_decomposition_free_plan') status=ok
judged 405/526: ('same_o1_reach_001', 'ollama_qwen3_vl_32b_instruct_q4_K_M', 'multi_image__strong_decomposition_free_plan') status=ok
judged 410/526: ('same_o1_reach_001', 'ollama_qwen3_vl_32b_instruct_q4_K_M', 'two_turn__search_explicit_strong_decomposition_free_plan') status=ok
judged 415/526: ('same_o1_reach_001', 'ollama_qwen3_vl_32b_instruct_q4_K_M', 'multi_image__natural_free_plan_humanoid_dual_arm') status=ok
judged 420/526: ('same_o1_reach_001', 'ollama_qwen3_vl_32b_instruct_q4_K_M', 'two_turn__efficient_safe_free_plan_humanoid_dual_arm') status=ok
judged 425/526: ('same_o1_reach_001', 'ollama_qwen3_vl_32b_instruct_q4_K_M', 'multi_image__strong_decomposition_free_plan_humanoid_dual_arm') status=ok
judged 430/526: ('same_o1_reach_001', 'ollama_qwen3_vl_32b_instruct_q4_K_M', 'two_turn__search_explicit_strong_decomposition_free_plan_humanoid_dual_arm') status=ok
judged 435/526: ('same_o1_reach_001', 'ollama_qwen3_vl_32b_instruct_q4_K_M', 'multi_image__natural_free_plan_quadruped_single_arm') status=ok
judged 440/526: ('same_o1_aggregate_001', 'ollama_qwen3_5_35b', 'multi_image__structured_tool_action_chain_probe_humanoid_dual_arm') status=ok
judged 445/526: ('same_o1_aggregate_001', 'ollama_qwen3_5_35b', 'multi_image__natural_free_plan_quadruped_single_arm') status=ok
judged 450/526: ('same_o1_aggregate_001', 'ollama_qwen3_5_35b', 'multi_image__efficient_safe_free_plan_quadruped_single_arm') status=ok
judged 455/526: ('same_o1_aggregate_001', 'ollama_qwen3_5_35b', 'two_turn__tool_prior_free_plan_quadruped_single_arm') status=ok
judged 460/526: ('same_o1_aggregate_001', 'ollama_qwen3_5_35b', 'two_turn__structured_tool_action_chain_probe_quadruped_single_arm') status=ok
judged 465/526: ('same_o1_direct_001', 'ollama_qwen3_5_35b', 'multi_image__tool_prior_free_plan') status=ok
judged 470/526: ('same_o1_direct_001', 'ollama_qwen3_5_35b', 'multi_image__natural_free_plan_humanoid_dual_arm') status=ok
judged 475/526: ('same_o1_direct_001', 'ollama_qwen3_5_35b', 'two_turn__tool_prior_free_plan_humanoid_dual_arm') status=ok
judged 480/526: ('same_o1_direct_001', 'ollama_qwen3_5_35b', 'multi_image__structured_tool_action_chain_probe_humanoid_dual_arm') status=ok
judged 485/526: ('same_o1_direct_001', 'ollama_qwen3_5_35b', 'two_turn__efficient_safe_free_plan_quadruped_single_arm') status=ok
judged 490/526: ('same_o1_direct_001', 'ollama_qwen3_5_35b', 'multi_image__search_explicit_strong_decomposition_free_plan_quadruped_single_arm') status=ok
judged 495/526: ('same_o1_reach_001', 'ollama_qwen3_5_35b', 'two_turn__natural_free_plan') status=ok
judged 500/526: ('same_o1_reach_001', 'ollama_qwen3_5_35b', 'two_turn__search_explicit_strong_decomposition_free_plan') status=ok
judged 505/526: ('same_o1_reach_001', 'ollama_qwen3_5_35b', 'multi_image__efficient_safe_free_plan_humanoid_dual_arm') status=ok
judged 510/526: ('same_o1_reach_001', 'ollama_qwen3_5_35b', 'two_turn__strong_decomposition_free_plan_humanoid_dual_arm') status=ok
judged 515/526: ('same_o1_reach_001', 'ollama_qwen3_5_35b', 'multi_image__natural_free_plan_quadruped_single_arm') status=ok
judged 520/526: ('same_o1_reach_001', 'ollama_qwen3_5_35b', 'two_turn__tool_prior_free_plan_quadruped_single_arm') status=ok
judged 525/526: ('same_o1_reach_001', 'ollama_qwen3_5_35b', 'multi_image__structured_tool_action_chain_probe_quadruped_single_arm') status=ok
judged 526/526: ('same_o1_reach_001', 'ollama_qwen3_5_35b', 'two_turn__structured_tool_action_chain_probe_quadruped_single_arm') status=ok
eligible ok_eval rows: 526
judge output rows: 526
Wrote: /home/yurunze/peter_ws/m2g_learn/20260622Fourlegged_tool_aware/code/test_current_vlm/tool_counterexample_benchmark/outputs/sequential_o0_o1_prompt_sensitivity_3models/analysis_v2/response_judge_qwen32
Wrote completion report: /home/yurunze/peter_ws/m2g_learn/20260622Fourlegged_tool_aware/code/AHD-benchmark/outputs/logs/sequential_analysis_v2_completion_report.md
