===== PROMPT SENSITIVITY START 2026-07-10T16:19:35+08:00 =====
[1] positive_aggregate_001 / multi_image__natural_free_plan / ollama_qwen3_vl_30b_a3b_instruct_q4_K_M error=False
[2] positive_aggregate_001 / multi_image__natural_free_plan / ollama_qwen3_vl_32b_instruct_q4_K_M error=False
[3] positive_aggregate_001 / two_turn__natural_free_plan / ollama_qwen3_vl_30b_a3b_instruct_q4_K_M error=False
[4] positive_aggregate_001 / multi_image__efficient_safe_free_plan / ollama_qwen3_vl_30b_a3b_instruct_q4_K_M error=False
[5] positive_aggregate_001 / two_turn__efficient_safe_free_plan / ollama_qwen3_vl_30b_a3b_instruct_q4_K_M error=False
[6] positive_aggregate_001 / multi_image__tool_prior_free_plan / ollama_qwen3_vl_30b_a3b_instruct_q4_K_M error=False
[7] positive_aggregate_001 / two_turn__tool_prior_free_plan / ollama_qwen3_vl_30b_a3b_instruct_q4_K_M error=False
[8] positive_aggregate_001 / multi_image__strong_decomposition_free_plan / ollama_qwen3_vl_30b_a3b_instruct_q4_K_M error=False
[9] positive_aggregate_001 / two_turn__strong_decomposition_free_plan / ollama_qwen3_vl_30b_a3b_instruct_q4_K_M error=False
[10] positive_aggregate_001 / multi_image__search_explicit_strong_decomposition_free_plan / ollama_qwen3_vl_30b_a3b_instruct_q4_K_M error=False
[11] positive_aggregate_001 / two_turn__search_explicit_strong_decomposition_free_plan / ollama_qwen3_vl_30b_a3b_instruct_q4_K_M error=False
[12] positive_aggregate_001 / two_turn__natural_free_plan / ollama_qwen3_vl_32b_instruct_q4_K_M error=False
[13] positive_aggregate_001 / multi_image__structured_tool_probe / ollama_qwen3_vl_30b_a3b_instruct_q4_K_M error=False
[14] positive_aggregate_001 / two_turn__structured_tool_probe / ollama_qwen3_vl_30b_a3b_instruct_q4_K_M error=False
[15] positive_aggregate_001 / multi_image__natural_free_plan_humanoid_dual_arm / ollama_qwen3_vl_30b_a3b_instruct_q4_K_M error=False
[16] positive_aggregate_001 / two_turn__natural_free_plan_humanoid_dual_arm / ollama_qwen3_vl_30b_a3b_instruct_q4_K_M error=False
[17] positive_aggregate_001 / multi_image__efficient_safe_free_plan_humanoid_dual_arm / ollama_qwen3_vl_30b_a3b_instruct_q4_K_M error=False
[18] positive_aggregate_001 / two_turn__efficient_safe_free_plan_humanoid_dual_arm / ollama_qwen3_vl_30b_a3b_instruct_q4_K_M error=False
[19] positive_aggregate_001 / multi_image__efficient_safe_free_plan / ollama_qwen3_vl_32b_instruct_q4_K_M error=False
[20] positive_aggregate_001 / multi_image__tool_prior_free_plan_humanoid_dual_arm / ollama_qwen3_vl_30b_a3b_instruct_q4_K_M error=False
[21] positive_aggregate_001 / two_turn__tool_prior_free_plan_humanoid_dual_arm / ollama_qwen3_vl_30b_a3b_instruct_q4_K_M error=False
[22] positive_aggregate_001 / multi_image__strong_decomposition_free_plan_humanoid_dual_arm / ollama_qwen3_vl_30b_a3b_instruct_q4_K_M error=False
[23] positive_aggregate_001 / two_turn__strong_decomposition_free_plan_humanoid_dual_arm / ollama_qwen3_vl_30b_a3b_instruct_q4_K_M error=False
[24] positive_aggregate_001 / multi_image__search_explicit_strong_decomposition_free_plan_humanoid_dual_arm / ollama_qwen3_vl_30b_a3b_instruct_q4_K_M error=False
[25] positive_aggregate_001 / two_turn__efficient_safe_free_plan / ollama_qwen3_vl_32b_instruct_q4_K_M error=False
[26] positive_aggregate_001 / two_turn__search_explicit_strong_decomposition_free_plan_humanoid_dual_arm / ollama_qwen3_vl_30b_a3b_instruct_q4_K_M error=False
[27] positive_aggregate_001 / multi_image__structured_tool_action_chain_probe_humanoid_dual_arm / ollama_qwen3_vl_30b_a3b_instruct_q4_K_M error=False
[28] positive_aggregate_001 / two_turn__structured_tool_action_chain_probe_humanoid_dual_arm / ollama_qwen3_vl_30b_a3b_instruct_q4_K_M error=False
[29] positive_aggregate_001 / multi_image__natural_free_plan_quadruped_single_arm / ollama_qwen3_vl_30b_a3b_instruct_q4_K_M error=False
[30] positive_aggregate_001 / two_turn__natural_free_plan_quadruped_single_arm / ollama_qwen3_vl_30b_a3b_instruct_q4_K_M error=False
[31] positive_aggregate_001 / multi_image__efficient_safe_free_plan_quadruped_single_arm / ollama_qwen3_vl_30b_a3b_instruct_q4_K_M error=False
[32] positive_aggregate_001 / multi_image__tool_prior_free_plan / ollama_qwen3_vl_32b_instruct_q4_K_M error=False
[33] positive_aggregate_001 / two_turn__efficient_safe_free_plan_quadruped_single_arm / ollama_qwen3_vl_30b_a3b_instruct_q4_K_M error=False
[34] positive_aggregate_001 / multi_image__tool_prior_free_plan_quadruped_single_arm / ollama_qwen3_vl_30b_a3b_instruct_q4_K_M error=False
[35] positive_aggregate_001 / two_turn__tool_prior_free_plan_quadruped_single_arm / ollama_qwen3_vl_30b_a3b_instruct_q4_K_M error=False
[36] positive_aggregate_001 / multi_image__strong_decomposition_free_plan_quadruped_single_arm / ollama_qwen3_vl_30b_a3b_instruct_q4_K_M error=False
[37] positive_aggregate_001 / two_turn__strong_decomposition_free_plan_quadruped_single_arm / ollama_qwen3_vl_30b_a3b_instruct_q4_K_M error=False
[38] positive_aggregate_001 / multi_image__search_explicit_strong_decomposition_free_plan_quadruped_single_arm / ollama_qwen3_vl_30b_a3b_instruct_q4_K_M error=False
[39] positive_aggregate_001 / two_turn__search_explicit_strong_decomposition_free_plan_quadruped_single_arm / ollama_qwen3_vl_30b_a3b_instruct_q4_K_M error=False
[40] positive_aggregate_001 / multi_image__structured_tool_action_chain_probe_quadruped_single_arm / ollama_qwen3_vl_30b_a3b_instruct_q4_K_M error=False
[41] positive_aggregate_001 / two_turn__tool_prior_free_plan / ollama_qwen3_vl_32b_instruct_q4_K_M error=False
[42] positive_aggregate_001 / two_turn__structured_tool_action_chain_probe_quadruped_single_arm / ollama_qwen3_vl_30b_a3b_instruct_q4_K_M error=False
[43] wrong_helper_negative_aggregate_001 / multi_image__natural_free_plan / ollama_qwen3_vl_30b_a3b_instruct_q4_K_M error=False
[44] wrong_helper_negative_aggregate_001 / two_turn__natural_free_plan / ollama_qwen3_vl_30b_a3b_instruct_q4_K_M error=False
[45] wrong_helper_negative_aggregate_001 / multi_image__efficient_safe_free_plan / ollama_qwen3_vl_30b_a3b_instruct_q4_K_M error=False
[46] positive_aggregate_001 / multi_image__strong_decomposition_free_plan / ollama_qwen3_vl_32b_instruct_q4_K_M error=False
[47] wrong_helper_negative_aggregate_001 / two_turn__efficient_safe_free_plan / ollama_qwen3_vl_30b_a3b_instruct_q4_K_M error=False
[48] wrong_helper_negative_aggregate_001 / multi_image__tool_prior_free_plan / ollama_qwen3_vl_30b_a3b_instruct_q4_K_M error=False
[49] wrong_helper_negative_aggregate_001 / two_turn__tool_prior_free_plan / ollama_qwen3_vl_30b_a3b_instruct_q4_K_M error=False
[50] wrong_helper_negative_aggregate_001 / multi_image__strong_decomposition_free_plan / ollama_qwen3_vl_30b_a3b_instruct_q4_K_M error=False
[51] wrong_helper_negative_aggregate_001 / two_turn__strong_decomposition_free_plan / ollama_qwen3_vl_30b_a3b_instruct_q4_K_M error=False
[52] wrong_helper_negative_aggregate_001 / multi_image__search_explicit_strong_decomposition_free_plan / ollama_qwen3_vl_30b_a3b_instruct_q4_K_M error=False
[53] wrong_helper_negative_aggregate_001 / two_turn__search_explicit_strong_decomposition_free_plan / ollama_qwen3_vl_30b_a3b_instruct_q4_K_M error=False
[54] wrong_helper_negative_aggregate_001 / multi_image__structured_tool_probe / ollama_qwen3_vl_30b_a3b_instruct_q4_K_M error=False
[55] wrong_helper_negative_aggregate_001 / two_turn__structured_tool_probe / ollama_qwen3_vl_30b_a3b_instruct_q4_K_M error=False
[56] wrong_helper_negative_aggregate_001 / multi_image__natural_free_plan_humanoid_dual_arm / ollama_qwen3_vl_30b_a3b_instruct_q4_K_M error=False
[57] positive_aggregate_001 / two_turn__strong_decomposition_free_plan / ollama_qwen3_vl_32b_instruct_q4_K_M error=False
[58] wrong_helper_negative_aggregate_001 / two_turn__natural_free_plan_humanoid_dual_arm / ollama_qwen3_vl_30b_a3b_instruct_q4_K_M error=False
[59] wrong_helper_negative_aggregate_001 / multi_image__efficient_safe_free_plan_humanoid_dual_arm / ollama_qwen3_vl_30b_a3b_instruct_q4_K_M error=False
[60] wrong_helper_negative_aggregate_001 / two_turn__efficient_safe_free_plan_humanoid_dual_arm / ollama_qwen3_vl_30b_a3b_instruct_q4_K_M error=False
[61] wrong_helper_negative_aggregate_001 / multi_image__tool_prior_free_plan_humanoid_dual_arm / ollama_qwen3_vl_30b_a3b_instruct_q4_K_M error=False
[62] wrong_helper_negative_aggregate_001 / two_turn__tool_prior_free_plan_humanoid_dual_arm / ollama_qwen3_vl_30b_a3b_instruct_q4_K_M error=False
[63] positive_aggregate_001 / multi_image__search_explicit_strong_decomposition_free_plan / ollama_qwen3_vl_32b_instruct_q4_K_M error=False
[64] wrong_helper_negative_aggregate_001 / multi_image__strong_decomposition_free_plan_humanoid_dual_arm / ollama_qwen3_vl_30b_a3b_instruct_q4_K_M error=False
[65] wrong_helper_negative_aggregate_001 / two_turn__strong_decomposition_free_plan_humanoid_dual_arm / ollama_qwen3_vl_30b_a3b_instruct_q4_K_M error=False
[66] wrong_helper_negative_aggregate_001 / multi_image__search_explicit_strong_decomposition_free_plan_humanoid_dual_arm / ollama_qwen3_vl_30b_a3b_instruct_q4_K_M error=False
[67] wrong_helper_negative_aggregate_001 / two_turn__search_explicit_strong_decomposition_free_plan_humanoid_dual_arm / ollama_qwen3_vl_30b_a3b_instruct_q4_K_M error=False
[68] wrong_helper_negative_aggregate_001 / multi_image__structured_tool_action_chain_probe_humanoid_dual_arm / ollama_qwen3_vl_30b_a3b_instruct_q4_K_M error=False
[69] wrong_helper_negative_aggregate_001 / two_turn__structured_tool_action_chain_probe_humanoid_dual_arm / ollama_qwen3_vl_30b_a3b_instruct_q4_K_M error=False
[70] wrong_helper_negative_aggregate_001 / multi_image__natural_free_plan_quadruped_single_arm / ollama_qwen3_vl_30b_a3b_instruct_q4_K_M error=False
[71] positive_aggregate_001 / two_turn__search_explicit_strong_decomposition_free_plan / ollama_qwen3_vl_32b_instruct_q4_K_M error=False
[72] wrong_helper_negative_aggregate_001 / two_turn__natural_free_plan_quadruped_single_arm / ollama_qwen3_vl_30b_a3b_instruct_q4_K_M error=False
[73] wrong_helper_negative_aggregate_001 / multi_image__efficient_safe_free_plan_quadruped_single_arm / ollama_qwen3_vl_30b_a3b_instruct_q4_K_M error=False
[74] wrong_helper_negative_aggregate_001 / two_turn__efficient_safe_free_plan_quadruped_single_arm / ollama_qwen3_vl_30b_a3b_instruct_q4_K_M error=False
[75] wrong_helper_negative_aggregate_001 / multi_image__tool_prior_free_plan_quadruped_single_arm / ollama_qwen3_vl_30b_a3b_instruct_q4_K_M error=False
[76] wrong_helper_negative_aggregate_001 / two_turn__tool_prior_free_plan_quadruped_single_arm / ollama_qwen3_vl_30b_a3b_instruct_q4_K_M error=False
[77] wrong_helper_negative_aggregate_001 / multi_image__strong_decomposition_free_plan_quadruped_single_arm / ollama_qwen3_vl_30b_a3b_instruct_q4_K_M error=False
[78] positive_aggregate_001 / multi_image__structured_tool_probe / ollama_qwen3_vl_32b_instruct_q4_K_M error=False
[79] wrong_helper_negative_aggregate_001 / two_turn__strong_decomposition_free_plan_quadruped_single_arm / ollama_qwen3_vl_30b_a3b_instruct_q4_K_M error=False
[80] wrong_helper_negative_aggregate_001 / multi_image__search_explicit_strong_decomposition_free_plan_quadruped_single_arm / ollama_qwen3_vl_30b_a3b_instruct_q4_K_M error=False
[81] wrong_helper_negative_aggregate_001 / two_turn__search_explicit_strong_decomposition_free_plan_quadruped_single_arm / ollama_qwen3_vl_30b_a3b_instruct_q4_K_M error=False
[82] wrong_helper_negative_aggregate_001 / multi_image__structured_tool_action_chain_probe_quadruped_single_arm / ollama_qwen3_vl_30b_a3b_instruct_q4_K_M error=False
[83] wrong_helper_negative_aggregate_001 / two_turn__structured_tool_action_chain_probe_quadruped_single_arm / ollama_qwen3_vl_30b_a3b_instruct_q4_K_M error=False
[84] same_o1_aggregate_001 / multi_image__natural_free_plan / ollama_qwen3_vl_30b_a3b_instruct_q4_K_M error=False
[85] same_o1_aggregate_001 / two_turn__natural_free_plan / ollama_qwen3_vl_30b_a3b_instruct_q4_K_M error=False
[86] same_o1_aggregate_001 / multi_image__efficient_safe_free_plan / ollama_qwen3_vl_30b_a3b_instruct_q4_K_M error=False
[87] same_o1_aggregate_001 / two_turn__efficient_safe_free_plan / ollama_qwen3_vl_30b_a3b_instruct_q4_K_M error=False
[88] same_o1_aggregate_001 / multi_image__tool_prior_free_plan / ollama_qwen3_vl_30b_a3b_instruct_q4_K_M error=False
[89] same_o1_aggregate_001 / two_turn__tool_prior_free_plan / ollama_qwen3_vl_30b_a3b_instruct_q4_K_M error=False
[90] positive_aggregate_001 / two_turn__structured_tool_probe / ollama_qwen3_vl_32b_instruct_q4_K_M error=False
[91] same_o1_aggregate_001 / multi_image__strong_decomposition_free_plan / ollama_qwen3_vl_30b_a3b_instruct_q4_K_M error=False
[92] same_o1_aggregate_001 / two_turn__strong_decomposition_free_plan / ollama_qwen3_vl_30b_a3b_instruct_q4_K_M error=False
[93] same_o1_aggregate_001 / multi_image__search_explicit_strong_decomposition_free_plan / ollama_qwen3_vl_30b_a3b_instruct_q4_K_M error=False
[94] same_o1_aggregate_001 / two_turn__search_explicit_strong_decomposition_free_plan / ollama_qwen3_vl_30b_a3b_instruct_q4_K_M error=False
[95] same_o1_aggregate_001 / multi_image__structured_tool_probe / ollama_qwen3_vl_30b_a3b_instruct_q4_K_M error=False
[96] positive_aggregate_001 / multi_image__natural_free_plan_humanoid_dual_arm / ollama_qwen3_vl_32b_instruct_q4_K_M error=False
[97] same_o1_aggregate_001 / two_turn__structured_tool_probe / ollama_qwen3_vl_30b_a3b_instruct_q4_K_M error=False
[98] same_o1_aggregate_001 / multi_image__natural_free_plan_humanoid_dual_arm / ollama_qwen3_vl_30b_a3b_instruct_q4_K_M error=False
[99] same_o1_aggregate_001 / two_turn__natural_free_plan_humanoid_dual_arm / ollama_qwen3_vl_30b_a3b_instruct_q4_K_M error=False
[100] same_o1_aggregate_001 / multi_image__efficient_safe_free_plan_humanoid_dual_arm / ollama_qwen3_vl_30b_a3b_instruct_q4_K_M error=False
[101] same_o1_aggregate_001 / two_turn__efficient_safe_free_plan_humanoid_dual_arm / ollama_qwen3_vl_30b_a3b_instruct_q4_K_M error=False
[102] same_o1_aggregate_001 / multi_image__tool_prior_free_plan_humanoid_dual_arm / ollama_qwen3_vl_30b_a3b_instruct_q4_K_M error=False
[103] same_o1_aggregate_001 / two_turn__tool_prior_free_plan_humanoid_dual_arm / ollama_qwen3_vl_30b_a3b_instruct_q4_K_M error=False
[104] same_o1_aggregate_001 / multi_image__strong_decomposition_free_plan_humanoid_dual_arm / ollama_qwen3_vl_30b_a3b_instruct_q4_K_M error=False
[105] same_o1_aggregate_001 / two_turn__strong_decomposition_free_plan_humanoid_dual_arm / ollama_qwen3_vl_30b_a3b_instruct_q4_K_M error=False
[106] positive_aggregate_001 / two_turn__natural_free_plan_humanoid_dual_arm / ollama_qwen3_vl_32b_instruct_q4_K_M error=False
[107] same_o1_aggregate_001 / multi_image__search_explicit_strong_decomposition_free_plan_humanoid_dual_arm / ollama_qwen3_vl_30b_a3b_instruct_q4_K_M error=False
[108] same_o1_aggregate_001 / two_turn__search_explicit_strong_decomposition_free_plan_humanoid_dual_arm / ollama_qwen3_vl_30b_a3b_instruct_q4_K_M error=False
[109] same_o1_aggregate_001 / multi_image__structured_tool_action_chain_probe_humanoid_dual_arm / ollama_qwen3_vl_30b_a3b_instruct_q4_K_M error=False
[110] same_o1_aggregate_001 / two_turn__structured_tool_action_chain_probe_humanoid_dual_arm / ollama_qwen3_vl_30b_a3b_instruct_q4_K_M error=False
[111] same_o1_aggregate_001 / multi_image__natural_free_plan_quadruped_single_arm / ollama_qwen3_vl_30b_a3b_instruct_q4_K_M error=False
[112] positive_aggregate_001 / multi_image__efficient_safe_free_plan_humanoid_dual_arm / ollama_qwen3_vl_32b_instruct_q4_K_M error=False
[113] same_o1_aggregate_001 / two_turn__natural_free_plan_quadruped_single_arm / ollama_qwen3_vl_30b_a3b_instruct_q4_K_M error=False
[114] same_o1_aggregate_001 / multi_image__efficient_safe_free_plan_quadruped_single_arm / ollama_qwen3_vl_30b_a3b_instruct_q4_K_M error=False
[115] same_o1_aggregate_001 / two_turn__efficient_safe_free_plan_quadruped_single_arm / ollama_qwen3_vl_30b_a3b_instruct_q4_K_M error=False
[116] same_o1_aggregate_001 / multi_image__tool_prior_free_plan_quadruped_single_arm / ollama_qwen3_vl_30b_a3b_instruct_q4_K_M error=False
[117] same_o1_aggregate_001 / two_turn__tool_prior_free_plan_quadruped_single_arm / ollama_qwen3_vl_30b_a3b_instruct_q4_K_M error=False
[118] same_o1_aggregate_001 / multi_image__strong_decomposition_free_plan_quadruped_single_arm / ollama_qwen3_vl_30b_a3b_instruct_q4_K_M error=False
[119] same_o1_aggregate_001 / two_turn__strong_decomposition_free_plan_quadruped_single_arm / ollama_qwen3_vl_30b_a3b_instruct_q4_K_M error=False
[120] positive_aggregate_001 / two_turn__efficient_safe_free_plan_humanoid_dual_arm / ollama_qwen3_vl_32b_instruct_q4_K_M error=False
[121] same_o1_aggregate_001 / multi_image__search_explicit_strong_decomposition_free_plan_quadruped_single_arm / ollama_qwen3_vl_30b_a3b_instruct_q4_K_M error=False
[122] same_o1_aggregate_001 / two_turn__search_explicit_strong_decomposition_free_plan_quadruped_single_arm / ollama_qwen3_vl_30b_a3b_instruct_q4_K_M error=False
[123] same_o1_aggregate_001 / multi_image__structured_tool_action_chain_probe_quadruped_single_arm / ollama_qwen3_vl_30b_a3b_instruct_q4_K_M error=False
[124] same_o1_aggregate_001 / two_turn__structured_tool_action_chain_probe_quadruped_single_arm / ollama_qwen3_vl_30b_a3b_instruct_q4_K_M error=False
[125] same_o1_direct_001 / multi_image__natural_free_plan / ollama_qwen3_vl_30b_a3b_instruct_q4_K_M error=False
[126] positive_aggregate_001 / multi_image__tool_prior_free_plan_humanoid_dual_arm / ollama_qwen3_vl_32b_instruct_q4_K_M error=False
[127] same_o1_direct_001 / two_turn__natural_free_plan / ollama_qwen3_vl_30b_a3b_instruct_q4_K_M error=False
[128] same_o1_direct_001 / multi_image__efficient_safe_free_plan / ollama_qwen3_vl_30b_a3b_instruct_q4_K_M error=False
[129] same_o1_direct_001 / two_turn__efficient_safe_free_plan / ollama_qwen3_vl_30b_a3b_instruct_q4_K_M error=False
[130] same_o1_direct_001 / multi_image__tool_prior_free_plan / ollama_qwen3_vl_30b_a3b_instruct_q4_K_M error=False
[131] same_o1_direct_001 / two_turn__tool_prior_free_plan / ollama_qwen3_vl_30b_a3b_instruct_q4_K_M error=False
[132] same_o1_direct_001 / multi_image__strong_decomposition_free_plan / ollama_qwen3_vl_30b_a3b_instruct_q4_K_M error=False
[133] same_o1_direct_001 / two_turn__strong_decomposition_free_plan / ollama_qwen3_vl_30b_a3b_instruct_q4_K_M error=False
[134] same_o1_direct_001 / multi_image__search_explicit_strong_decomposition_free_plan / ollama_qwen3_vl_30b_a3b_instruct_q4_K_M error=False
[135] same_o1_direct_001 / two_turn__search_explicit_strong_decomposition_free_plan / ollama_qwen3_vl_30b_a3b_instruct_q4_K_M error=False
[136] positive_aggregate_001 / two_turn__tool_prior_free_plan_humanoid_dual_arm / ollama_qwen3_vl_32b_instruct_q4_K_M error=False
[137] same_o1_direct_001 / multi_image__structured_tool_probe / ollama_qwen3_vl_30b_a3b_instruct_q4_K_M error=False
[138] same_o1_direct_001 / two_turn__structured_tool_probe / ollama_qwen3_vl_30b_a3b_instruct_q4_K_M error=False
[139] same_o1_direct_001 / multi_image__natural_free_plan_humanoid_dual_arm / ollama_qwen3_vl_30b_a3b_instruct_q4_K_M error=False
[140] same_o1_direct_001 / two_turn__natural_free_plan_humanoid_dual_arm / ollama_qwen3_vl_30b_a3b_instruct_q4_K_M error=False
[141] same_o1_direct_001 / multi_image__efficient_safe_free_plan_humanoid_dual_arm / ollama_qwen3_vl_30b_a3b_instruct_q4_K_M error=False
[142] same_o1_direct_001 / two_turn__efficient_safe_free_plan_humanoid_dual_arm / ollama_qwen3_vl_30b_a3b_instruct_q4_K_M error=False
[143] same_o1_direct_001 / multi_image__tool_prior_free_plan_humanoid_dual_arm / ollama_qwen3_vl_30b_a3b_instruct_q4_K_M error=False
[144] positive_aggregate_001 / multi_image__strong_decomposition_free_plan_humanoid_dual_arm / ollama_qwen3_vl_32b_instruct_q4_K_M error=False
[145] same_o1_direct_001 / two_turn__tool_prior_free_plan_humanoid_dual_arm / ollama_qwen3_vl_30b_a3b_instruct_q4_K_M error=False
[146] same_o1_direct_001 / multi_image__strong_decomposition_free_plan_humanoid_dual_arm / ollama_qwen3_vl_30b_a3b_instruct_q4_K_M error=False
[147] same_o1_direct_001 / two_turn__strong_decomposition_free_plan_humanoid_dual_arm / ollama_qwen3_vl_30b_a3b_instruct_q4_K_M error=False
[148] same_o1_direct_001 / multi_image__search_explicit_strong_decomposition_free_plan_humanoid_dual_arm / ollama_qwen3_vl_30b_a3b_instruct_q4_K_M error=False
[149] same_o1_direct_001 / two_turn__search_explicit_strong_decomposition_free_plan_humanoid_dual_arm / ollama_qwen3_vl_30b_a3b_instruct_q4_K_M error=False
[150] same_o1_direct_001 / multi_image__structured_tool_action_chain_probe_humanoid_dual_arm / ollama_qwen3_vl_30b_a3b_instruct_q4_K_M error=False
[151] same_o1_direct_001 / two_turn__structured_tool_action_chain_probe_humanoid_dual_arm / ollama_qwen3_vl_30b_a3b_instruct_q4_K_M error=False
[152] same_o1_direct_001 / multi_image__natural_free_plan_quadruped_single_arm / ollama_qwen3_vl_30b_a3b_instruct_q4_K_M error=False
[153] same_o1_direct_001 / two_turn__natural_free_plan_quadruped_single_arm / ollama_qwen3_vl_30b_a3b_instruct_q4_K_M error=False
[154] same_o1_direct_001 / multi_image__efficient_safe_free_plan_quadruped_single_arm / ollama_qwen3_vl_30b_a3b_instruct_q4_K_M error=False
[155] positive_aggregate_001 / two_turn__strong_decomposition_free_plan_humanoid_dual_arm / ollama_qwen3_vl_32b_instruct_q4_K_M error=False
[156] same_o1_direct_001 / two_turn__efficient_safe_free_plan_quadruped_single_arm / ollama_qwen3_vl_30b_a3b_instruct_q4_K_M error=False
[157] same_o1_direct_001 / multi_image__tool_prior_free_plan_quadruped_single_arm / ollama_qwen3_vl_30b_a3b_instruct_q4_K_M error=False
[158] same_o1_direct_001 / two_turn__tool_prior_free_plan_quadruped_single_arm / ollama_qwen3_vl_30b_a3b_instruct_q4_K_M error=False
[159] same_o1_direct_001 / multi_image__strong_decomposition_free_plan_quadruped_single_arm / ollama_qwen3_vl_30b_a3b_instruct_q4_K_M error=False
[160] positive_aggregate_001 / multi_image__search_explicit_strong_decomposition_free_plan_humanoid_dual_arm / ollama_qwen3_vl_32b_instruct_q4_K_M error=False
[161] same_o1_direct_001 / two_turn__strong_decomposition_free_plan_quadruped_single_arm / ollama_qwen3_vl_30b_a3b_instruct_q4_K_M error=False
[162] same_o1_direct_001 / multi_image__search_explicit_strong_decomposition_free_plan_quadruped_single_arm / ollama_qwen3_vl_30b_a3b_instruct_q4_K_M error=False
[163] same_o1_direct_001 / two_turn__search_explicit_strong_decomposition_free_plan_quadruped_single_arm / ollama_qwen3_vl_30b_a3b_instruct_q4_K_M error=False
[164] same_o1_direct_001 / multi_image__structured_tool_action_chain_probe_quadruped_single_arm / ollama_qwen3_vl_30b_a3b_instruct_q4_K_M error=False
[165] same_o1_direct_001 / two_turn__structured_tool_action_chain_probe_quadruped_single_arm / ollama_qwen3_vl_30b_a3b_instruct_q4_K_M error=False
[166] same_o1_reach_001 / multi_image__natural_free_plan / ollama_qwen3_vl_30b_a3b_instruct_q4_K_M error=False
[167] same_o1_reach_001 / two_turn__natural_free_plan / ollama_qwen3_vl_30b_a3b_instruct_q4_K_M error=False
[168] same_o1_reach_001 / multi_image__efficient_safe_free_plan / ollama_qwen3_vl_30b_a3b_instruct_q4_K_M error=False
[169] same_o1_reach_001 / two_turn__efficient_safe_free_plan / ollama_qwen3_vl_30b_a3b_instruct_q4_K_M error=False
[170] positive_aggregate_001 / two_turn__search_explicit_strong_decomposition_free_plan_humanoid_dual_arm / ollama_qwen3_vl_32b_instruct_q4_K_M error=False
[171] same_o1_reach_001 / multi_image__tool_prior_free_plan / ollama_qwen3_vl_30b_a3b_instruct_q4_K_M error=False
[172] same_o1_reach_001 / two_turn__tool_prior_free_plan / ollama_qwen3_vl_30b_a3b_instruct_q4_K_M error=False
[173] same_o1_reach_001 / multi_image__strong_decomposition_free_plan / ollama_qwen3_vl_30b_a3b_instruct_q4_K_M error=False
[174] same_o1_reach_001 / two_turn__strong_decomposition_free_plan / ollama_qwen3_vl_30b_a3b_instruct_q4_K_M error=False
[175] same_o1_reach_001 / multi_image__search_explicit_strong_decomposition_free_plan / ollama_qwen3_vl_30b_a3b_instruct_q4_K_M error=False
[176] same_o1_reach_001 / two_turn__search_explicit_strong_decomposition_free_plan / ollama_qwen3_vl_30b_a3b_instruct_q4_K_M error=False
[177] same_o1_reach_001 / multi_image__structured_tool_probe / ollama_qwen3_vl_30b_a3b_instruct_q4_K_M error=False
[178] positive_aggregate_001 / multi_image__structured_tool_action_chain_probe_humanoid_dual_arm / ollama_qwen3_vl_32b_instruct_q4_K_M error=False
[179] same_o1_reach_001 / two_turn__structured_tool_probe / ollama_qwen3_vl_30b_a3b_instruct_q4_K_M error=False
[180] same_o1_reach_001 / multi_image__natural_free_plan_humanoid_dual_arm / ollama_qwen3_vl_30b_a3b_instruct_q4_K_M error=False
[181] same_o1_reach_001 / two_turn__natural_free_plan_humanoid_dual_arm / ollama_qwen3_vl_30b_a3b_instruct_q4_K_M error=False
[182] same_o1_reach_001 / multi_image__efficient_safe_free_plan_humanoid_dual_arm / ollama_qwen3_vl_30b_a3b_instruct_q4_K_M error=False
[183] same_o1_reach_001 / two_turn__efficient_safe_free_plan_humanoid_dual_arm / ollama_qwen3_vl_30b_a3b_instruct_q4_K_M error=False
[184] same_o1_reach_001 / multi_image__tool_prior_free_plan_humanoid_dual_arm / ollama_qwen3_vl_30b_a3b_instruct_q4_K_M error=False
[185] same_o1_reach_001 / two_turn__tool_prior_free_plan_humanoid_dual_arm / ollama_qwen3_vl_30b_a3b_instruct_q4_K_M error=False
[186] same_o1_reach_001 / multi_image__strong_decomposition_free_plan_humanoid_dual_arm / ollama_qwen3_vl_30b_a3b_instruct_q4_K_M error=False
[187] same_o1_reach_001 / two_turn__strong_decomposition_free_plan_humanoid_dual_arm / ollama_qwen3_vl_30b_a3b_instruct_q4_K_M error=False
[188] same_o1_reach_001 / multi_image__search_explicit_strong_decomposition_free_plan_humanoid_dual_arm / ollama_qwen3_vl_30b_a3b_instruct_q4_K_M error=False
[189] same_o1_reach_001 / two_turn__search_explicit_strong_decomposition_free_plan_humanoid_dual_arm / ollama_qwen3_vl_30b_a3b_instruct_q4_K_M error=False
[190] same_o1_reach_001 / multi_image__structured_tool_action_chain_probe_humanoid_dual_arm / ollama_qwen3_vl_30b_a3b_instruct_q4_K_M error=False
[191] same_o1_reach_001 / two_turn__structured_tool_action_chain_probe_humanoid_dual_arm / ollama_qwen3_vl_30b_a3b_instruct_q4_K_M error=False
[192] positive_aggregate_001 / two_turn__structured_tool_action_chain_probe_humanoid_dual_arm / ollama_qwen3_vl_32b_instruct_q4_K_M error=False
[193] same_o1_reach_001 / multi_image__natural_free_plan_quadruped_single_arm / ollama_qwen3_vl_30b_a3b_instruct_q4_K_M error=False
[194] same_o1_reach_001 / two_turn__natural_free_plan_quadruped_single_arm / ollama_qwen3_vl_30b_a3b_instruct_q4_K_M error=False
[195] same_o1_reach_001 / multi_image__efficient_safe_free_plan_quadruped_single_arm / ollama_qwen3_vl_30b_a3b_instruct_q4_K_M error=False
[196] same_o1_reach_001 / two_turn__efficient_safe_free_plan_quadruped_single_arm / ollama_qwen3_vl_30b_a3b_instruct_q4_K_M error=False
[197] same_o1_reach_001 / multi_image__tool_prior_free_plan_quadruped_single_arm / ollama_qwen3_vl_30b_a3b_instruct_q4_K_M error=False
[198] positive_aggregate_001 / multi_image__natural_free_plan_quadruped_single_arm / ollama_qwen3_vl_32b_instruct_q4_K_M error=False
[199] same_o1_reach_001 / two_turn__tool_prior_free_plan_quadruped_single_arm / ollama_qwen3_vl_30b_a3b_instruct_q4_K_M error=False
[200] same_o1_reach_001 / multi_image__strong_decomposition_free_plan_quadruped_single_arm / ollama_qwen3_vl_30b_a3b_instruct_q4_K_M error=False
[201] same_o1_reach_001 / two_turn__strong_decomposition_free_plan_quadruped_single_arm / ollama_qwen3_vl_30b_a3b_instruct_q4_K_M error=False
[202] same_o1_reach_001 / multi_image__search_explicit_strong_decomposition_free_plan_quadruped_single_arm / ollama_qwen3_vl_30b_a3b_instruct_q4_K_M error=False
[203] same_o1_reach_001 / two_turn__search_explicit_strong_decomposition_free_plan_quadruped_single_arm / ollama_qwen3_vl_30b_a3b_instruct_q4_K_M error=False
[204] same_o1_reach_001 / multi_image__structured_tool_action_chain_probe_quadruped_single_arm / ollama_qwen3_vl_30b_a3b_instruct_q4_K_M error=False
[205] positive_aggregate_001 / two_turn__natural_free_plan_quadruped_single_arm / ollama_qwen3_vl_32b_instruct_q4_K_M error=False
[206] same_o1_reach_001 / two_turn__structured_tool_action_chain_probe_quadruped_single_arm / ollama_qwen3_vl_30b_a3b_instruct_q4_K_M error=False
[207] positive_aggregate_001 / multi_image__efficient_safe_free_plan_quadruped_single_arm / ollama_qwen3_vl_32b_instruct_q4_K_M error=False
[208] positive_aggregate_001 / multi_image__natural_free_plan / ollama_qwen3_5_35b error=False
[209] positive_aggregate_001 / two_turn__efficient_safe_free_plan_quadruped_single_arm / ollama_qwen3_vl_32b_instruct_q4_K_M error=False
[210] positive_aggregate_001 / two_turn__natural_free_plan / ollama_qwen3_5_35b error=False
[211] positive_aggregate_001 / multi_image__tool_prior_free_plan_quadruped_single_arm / ollama_qwen3_vl_32b_instruct_q4_K_M error=False
[212] positive_aggregate_001 / multi_image__efficient_safe_free_plan / ollama_qwen3_5_35b error=False
[213] positive_aggregate_001 / two_turn__tool_prior_free_plan_quadruped_single_arm / ollama_qwen3_vl_32b_instruct_q4_K_M error=False
[214] positive_aggregate_001 / multi_image__strong_decomposition_free_plan_quadruped_single_arm / ollama_qwen3_vl_32b_instruct_q4_K_M error=False
[215] positive_aggregate_001 / two_turn__efficient_safe_free_plan / ollama_qwen3_5_35b error=False
[216] positive_aggregate_001 / two_turn__strong_decomposition_free_plan_quadruped_single_arm / ollama_qwen3_vl_32b_instruct_q4_K_M error=False
[217] positive_aggregate_001 / multi_image__search_explicit_strong_decomposition_free_plan_quadruped_single_arm / ollama_qwen3_vl_32b_instruct_q4_K_M error=False
[218] positive_aggregate_001 / multi_image__tool_prior_free_plan / ollama_qwen3_5_35b error=False
[219] positive_aggregate_001 / two_turn__search_explicit_strong_decomposition_free_plan_quadruped_single_arm / ollama_qwen3_vl_32b_instruct_q4_K_M error=False
[220] positive_aggregate_001 / two_turn__tool_prior_free_plan / ollama_qwen3_5_35b error=False
[221] positive_aggregate_001 / multi_image__structured_tool_action_chain_probe_quadruped_single_arm / ollama_qwen3_vl_32b_instruct_q4_K_M error=False
[222] positive_aggregate_001 / multi_image__strong_decomposition_free_plan / ollama_qwen3_5_35b error=False
[223] positive_aggregate_001 / two_turn__structured_tool_action_chain_probe_quadruped_single_arm / ollama_qwen3_vl_32b_instruct_q4_K_M error=False
[224] positive_aggregate_001 / two_turn__strong_decomposition_free_plan / ollama_qwen3_5_35b error=False
[225] wrong_helper_negative_aggregate_001 / multi_image__natural_free_plan / ollama_qwen3_vl_32b_instruct_q4_K_M error=False
[226] wrong_helper_negative_aggregate_001 / two_turn__natural_free_plan / ollama_qwen3_vl_32b_instruct_q4_K_M error=False
[227] positive_aggregate_001 / multi_image__search_explicit_strong_decomposition_free_plan / ollama_qwen3_5_35b error=False
[228] wrong_helper_negative_aggregate_001 / multi_image__efficient_safe_free_plan / ollama_qwen3_vl_32b_instruct_q4_K_M error=False
[229] wrong_helper_negative_aggregate_001 / two_turn__efficient_safe_free_plan / ollama_qwen3_vl_32b_instruct_q4_K_M error=False
[230] positive_aggregate_001 / two_turn__search_explicit_strong_decomposition_free_plan / ollama_qwen3_5_35b error=False
[231] wrong_helper_negative_aggregate_001 / multi_image__tool_prior_free_plan / ollama_qwen3_vl_32b_instruct_q4_K_M error=False
[232] positive_aggregate_001 / multi_image__structured_tool_probe / ollama_qwen3_5_35b error=False
[233] wrong_helper_negative_aggregate_001 / two_turn__tool_prior_free_plan / ollama_qwen3_vl_32b_instruct_q4_K_M error=False
[234] wrong_helper_negative_aggregate_001 / multi_image__strong_decomposition_free_plan / ollama_qwen3_vl_32b_instruct_q4_K_M error=False
[235] positive_aggregate_001 / two_turn__structured_tool_probe / ollama_qwen3_5_35b error=False
[236] positive_aggregate_001 / multi_image__natural_free_plan_humanoid_dual_arm / ollama_qwen3_5_35b error=False
[237] wrong_helper_negative_aggregate_001 / two_turn__strong_decomposition_free_plan / ollama_qwen3_vl_32b_instruct_q4_K_M error=False
[238] wrong_helper_negative_aggregate_001 / multi_image__search_explicit_strong_decomposition_free_plan / ollama_qwen3_vl_32b_instruct_q4_K_M error=False
[239] positive_aggregate_001 / two_turn__natural_free_plan_humanoid_dual_arm / ollama_qwen3_5_35b error=False
[240] positive_aggregate_001 / multi_image__efficient_safe_free_plan_humanoid_dual_arm / ollama_qwen3_5_35b error=False
[241] wrong_helper_negative_aggregate_001 / two_turn__search_explicit_strong_decomposition_free_plan / ollama_qwen3_vl_32b_instruct_q4_K_M error=False
[242] wrong_helper_negative_aggregate_001 / multi_image__structured_tool_probe / ollama_qwen3_vl_32b_instruct_q4_K_M error=False
[243] positive_aggregate_001 / two_turn__efficient_safe_free_plan_humanoid_dual_arm / ollama_qwen3_5_35b error=False
[244] wrong_helper_negative_aggregate_001 / two_turn__structured_tool_probe / ollama_qwen3_vl_32b_instruct_q4_K_M error=False
[245] positive_aggregate_001 / multi_image__tool_prior_free_plan_humanoid_dual_arm / ollama_qwen3_5_35b error=False
[246] wrong_helper_negative_aggregate_001 / multi_image__natural_free_plan_humanoid_dual_arm / ollama_qwen3_vl_32b_instruct_q4_K_M error=False
[247] positive_aggregate_001 / two_turn__tool_prior_free_plan_humanoid_dual_arm / ollama_qwen3_5_35b error=False
[248] wrong_helper_negative_aggregate_001 / two_turn__natural_free_plan_humanoid_dual_arm / ollama_qwen3_vl_32b_instruct_q4_K_M error=False
[249] positive_aggregate_001 / multi_image__strong_decomposition_free_plan_humanoid_dual_arm / ollama_qwen3_5_35b error=False
[250] wrong_helper_negative_aggregate_001 / multi_image__efficient_safe_free_plan_humanoid_dual_arm / ollama_qwen3_vl_32b_instruct_q4_K_M error=False
[251] wrong_helper_negative_aggregate_001 / two_turn__efficient_safe_free_plan_humanoid_dual_arm / ollama_qwen3_vl_32b_instruct_q4_K_M error=False
[252] positive_aggregate_001 / two_turn__strong_decomposition_free_plan_humanoid_dual_arm / ollama_qwen3_5_35b error=False
[253] wrong_helper_negative_aggregate_001 / multi_image__tool_prior_free_plan_humanoid_dual_arm / ollama_qwen3_vl_32b_instruct_q4_K_M error=False
[254] positive_aggregate_001 / multi_image__search_explicit_strong_decomposition_free_plan_humanoid_dual_arm / ollama_qwen3_5_35b error=False
[255] wrong_helper_negative_aggregate_001 / two_turn__tool_prior_free_plan_humanoid_dual_arm / ollama_qwen3_vl_32b_instruct_q4_K_M error=False
[256] positive_aggregate_001 / two_turn__search_explicit_strong_decomposition_free_plan_humanoid_dual_arm / ollama_qwen3_5_35b error=False
[257] wrong_helper_negative_aggregate_001 / multi_image__strong_decomposition_free_plan_humanoid_dual_arm / ollama_qwen3_vl_32b_instruct_q4_K_M error=False
[258] positive_aggregate_001 / multi_image__structured_tool_action_chain_probe_humanoid_dual_arm / ollama_qwen3_5_35b error=False
[259] wrong_helper_negative_aggregate_001 / two_turn__strong_decomposition_free_plan_humanoid_dual_arm / ollama_qwen3_vl_32b_instruct_q4_K_M error=False
[260] wrong_helper_negative_aggregate_001 / multi_image__search_explicit_strong_decomposition_free_plan_humanoid_dual_arm / ollama_qwen3_vl_32b_instruct_q4_K_M error=False
[261] positive_aggregate_001 / two_turn__structured_tool_action_chain_probe_humanoid_dual_arm / ollama_qwen3_5_35b error=False
[262] wrong_helper_negative_aggregate_001 / two_turn__search_explicit_strong_decomposition_free_plan_humanoid_dual_arm / ollama_qwen3_vl_32b_instruct_q4_K_M error=False
[263] positive_aggregate_001 / multi_image__natural_free_plan_quadruped_single_arm / ollama_qwen3_5_35b error=False
[264] wrong_helper_negative_aggregate_001 / multi_image__structured_tool_action_chain_probe_humanoid_dual_arm / ollama_qwen3_vl_32b_instruct_q4_K_M error=False
[265] positive_aggregate_001 / two_turn__natural_free_plan_quadruped_single_arm / ollama_qwen3_5_35b error=False
[266] positive_aggregate_001 / multi_image__efficient_safe_free_plan_quadruped_single_arm / ollama_qwen3_5_35b error=False
[267] wrong_helper_negative_aggregate_001 / two_turn__structured_tool_action_chain_probe_humanoid_dual_arm / ollama_qwen3_vl_32b_instruct_q4_K_M error=False
[268] wrong_helper_negative_aggregate_001 / multi_image__natural_free_plan_quadruped_single_arm / ollama_qwen3_vl_32b_instruct_q4_K_M error=False
[269] positive_aggregate_001 / two_turn__efficient_safe_free_plan_quadruped_single_arm / ollama_qwen3_5_35b error=False
[270] wrong_helper_negative_aggregate_001 / two_turn__natural_free_plan_quadruped_single_arm / ollama_qwen3_vl_32b_instruct_q4_K_M error=False
[271] positive_aggregate_001 / multi_image__tool_prior_free_plan_quadruped_single_arm / ollama_qwen3_5_35b error=False
[272] wrong_helper_negative_aggregate_001 / multi_image__efficient_safe_free_plan_quadruped_single_arm / ollama_qwen3_vl_32b_instruct_q4_K_M error=False
[273] positive_aggregate_001 / two_turn__tool_prior_free_plan_quadruped_single_arm / ollama_qwen3_5_35b error=False
[274] wrong_helper_negative_aggregate_001 / two_turn__efficient_safe_free_plan_quadruped_single_arm / ollama_qwen3_vl_32b_instruct_q4_K_M error=False
[275] positive_aggregate_001 / multi_image__strong_decomposition_free_plan_quadruped_single_arm / ollama_qwen3_5_35b error=False
[276] wrong_helper_negative_aggregate_001 / multi_image__tool_prior_free_plan_quadruped_single_arm / ollama_qwen3_vl_32b_instruct_q4_K_M error=False
[277] wrong_helper_negative_aggregate_001 / two_turn__tool_prior_free_plan_quadruped_single_arm / ollama_qwen3_vl_32b_instruct_q4_K_M error=False
[278] positive_aggregate_001 / two_turn__strong_decomposition_free_plan_quadruped_single_arm / ollama_qwen3_5_35b error=False
[279] wrong_helper_negative_aggregate_001 / multi_image__strong_decomposition_free_plan_quadruped_single_arm / ollama_qwen3_vl_32b_instruct_q4_K_M error=False
[280] positive_aggregate_001 / multi_image__search_explicit_strong_decomposition_free_plan_quadruped_single_arm / ollama_qwen3_5_35b error=False
[281] wrong_helper_negative_aggregate_001 / two_turn__strong_decomposition_free_plan_quadruped_single_arm / ollama_qwen3_vl_32b_instruct_q4_K_M error=False
[282] wrong_helper_negative_aggregate_001 / multi_image__search_explicit_strong_decomposition_free_plan_quadruped_single_arm / ollama_qwen3_vl_32b_instruct_q4_K_M error=False
[283] positive_aggregate_001 / two_turn__search_explicit_strong_decomposition_free_plan_quadruped_single_arm / ollama_qwen3_5_35b error=False
[284] wrong_helper_negative_aggregate_001 / two_turn__search_explicit_strong_decomposition_free_plan_quadruped_single_arm / ollama_qwen3_vl_32b_instruct_q4_K_M error=False
[285] positive_aggregate_001 / multi_image__structured_tool_action_chain_probe_quadruped_single_arm / ollama_qwen3_5_35b error=False
[286] wrong_helper_negative_aggregate_001 / multi_image__structured_tool_action_chain_probe_quadruped_single_arm / ollama_qwen3_vl_32b_instruct_q4_K_M error=False
[287] positive_aggregate_001 / two_turn__structured_tool_action_chain_probe_quadruped_single_arm / ollama_qwen3_5_35b error=False
[288] wrong_helper_negative_aggregate_001 / two_turn__structured_tool_action_chain_probe_quadruped_single_arm / ollama_qwen3_vl_32b_instruct_q4_K_M error=False
[289] wrong_helper_negative_aggregate_001 / multi_image__natural_free_plan / ollama_qwen3_5_35b error=False
[290] same_o1_aggregate_001 / multi_image__natural_free_plan / ollama_qwen3_vl_32b_instruct_q4_K_M error=False
[291] same_o1_aggregate_001 / two_turn__natural_free_plan / ollama_qwen3_vl_32b_instruct_q4_K_M error=False
[292] wrong_helper_negative_aggregate_001 / two_turn__natural_free_plan / ollama_qwen3_5_35b error=False
[293] same_o1_aggregate_001 / multi_image__efficient_safe_free_plan / ollama_qwen3_vl_32b_instruct_q4_K_M error=False
[294] wrong_helper_negative_aggregate_001 / multi_image__efficient_safe_free_plan / ollama_qwen3_5_35b error=False
[295] same_o1_aggregate_001 / two_turn__efficient_safe_free_plan / ollama_qwen3_vl_32b_instruct_q4_K_M error=False
[296] same_o1_aggregate_001 / multi_image__tool_prior_free_plan / ollama_qwen3_vl_32b_instruct_q4_K_M error=False
[297] same_o1_aggregate_001 / two_turn__tool_prior_free_plan / ollama_qwen3_vl_32b_instruct_q4_K_M error=False
[298] wrong_helper_negative_aggregate_001 / two_turn__efficient_safe_free_plan / ollama_qwen3_5_35b error=False
[299] same_o1_aggregate_001 / multi_image__strong_decomposition_free_plan / ollama_qwen3_vl_32b_instruct_q4_K_M error=False
[300] same_o1_aggregate_001 / two_turn__strong_decomposition_free_plan / ollama_qwen3_vl_32b_instruct_q4_K_M error=False
[301] wrong_helper_negative_aggregate_001 / multi_image__tool_prior_free_plan / ollama_qwen3_5_35b error=False
[302] same_o1_aggregate_001 / multi_image__search_explicit_strong_decomposition_free_plan / ollama_qwen3_vl_32b_instruct_q4_K_M error=False
[303] same_o1_aggregate_001 / two_turn__search_explicit_strong_decomposition_free_plan / ollama_qwen3_vl_32b_instruct_q4_K_M error=False
[304] wrong_helper_negative_aggregate_001 / two_turn__tool_prior_free_plan / ollama_qwen3_5_35b error=False
[305] same_o1_aggregate_001 / multi_image__structured_tool_probe / ollama_qwen3_vl_32b_instruct_q4_K_M error=False
[306] wrong_helper_negative_aggregate_001 / multi_image__strong_decomposition_free_plan / ollama_qwen3_5_35b error=False
[307] same_o1_aggregate_001 / two_turn__structured_tool_probe / ollama_qwen3_vl_32b_instruct_q4_K_M error=False
[308] wrong_helper_negative_aggregate_001 / two_turn__strong_decomposition_free_plan / ollama_qwen3_5_35b error=False
[309] same_o1_aggregate_001 / multi_image__natural_free_plan_humanoid_dual_arm / ollama_qwen3_vl_32b_instruct_q4_K_M error=False
[310] wrong_helper_negative_aggregate_001 / multi_image__search_explicit_strong_decomposition_free_plan / ollama_qwen3_5_35b error=False
[311] same_o1_aggregate_001 / two_turn__natural_free_plan_humanoid_dual_arm / ollama_qwen3_vl_32b_instruct_q4_K_M error=False
[312] same_o1_aggregate_001 / multi_image__efficient_safe_free_plan_humanoid_dual_arm / ollama_qwen3_vl_32b_instruct_q4_K_M error=False
[313] wrong_helper_negative_aggregate_001 / two_turn__search_explicit_strong_decomposition_free_plan / ollama_qwen3_5_35b error=False
[314] same_o1_aggregate_001 / two_turn__efficient_safe_free_plan_humanoid_dual_arm / ollama_qwen3_vl_32b_instruct_q4_K_M error=False
[315] wrong_helper_negative_aggregate_001 / multi_image__structured_tool_probe / ollama_qwen3_5_35b error=False
[316] same_o1_aggregate_001 / multi_image__tool_prior_free_plan_humanoid_dual_arm / ollama_qwen3_vl_32b_instruct_q4_K_M error=False
[317] same_o1_aggregate_001 / two_turn__tool_prior_free_plan_humanoid_dual_arm / ollama_qwen3_vl_32b_instruct_q4_K_M error=False
[318] wrong_helper_negative_aggregate_001 / two_turn__structured_tool_probe / ollama_qwen3_5_35b error=False
[319] same_o1_aggregate_001 / multi_image__strong_decomposition_free_plan_humanoid_dual_arm / ollama_qwen3_vl_32b_instruct_q4_K_M error=False
[320] same_o1_aggregate_001 / two_turn__strong_decomposition_free_plan_humanoid_dual_arm / ollama_qwen3_vl_32b_instruct_q4_K_M error=False
[321] wrong_helper_negative_aggregate_001 / multi_image__natural_free_plan_humanoid_dual_arm / ollama_qwen3_5_35b error=False
[322] same_o1_aggregate_001 / multi_image__search_explicit_strong_decomposition_free_plan_humanoid_dual_arm / ollama_qwen3_vl_32b_instruct_q4_K_M error=False
[323] wrong_helper_negative_aggregate_001 / two_turn__natural_free_plan_humanoid_dual_arm / ollama_qwen3_5_35b error=False
[324] same_o1_aggregate_001 / two_turn__search_explicit_strong_decomposition_free_plan_humanoid_dual_arm / ollama_qwen3_vl_32b_instruct_q4_K_M error=False
[325] wrong_helper_negative_aggregate_001 / multi_image__efficient_safe_free_plan_humanoid_dual_arm / ollama_qwen3_5_35b error=False
[326] same_o1_aggregate_001 / multi_image__structured_tool_action_chain_probe_humanoid_dual_arm / ollama_qwen3_vl_32b_instruct_q4_K_M error=False
[327] same_o1_aggregate_001 / two_turn__structured_tool_action_chain_probe_humanoid_dual_arm / ollama_qwen3_vl_32b_instruct_q4_K_M error=False
[328] wrong_helper_negative_aggregate_001 / two_turn__efficient_safe_free_plan_humanoid_dual_arm / ollama_qwen3_5_35b error=False
[329] same_o1_aggregate_001 / multi_image__natural_free_plan_quadruped_single_arm / ollama_qwen3_vl_32b_instruct_q4_K_M error=False
[330] wrong_helper_negative_aggregate_001 / multi_image__tool_prior_free_plan_humanoid_dual_arm / ollama_qwen3_5_35b error=False
[331] same_o1_aggregate_001 / two_turn__natural_free_plan_quadruped_single_arm / ollama_qwen3_vl_32b_instruct_q4_K_M error=False
[332] same_o1_aggregate_001 / multi_image__efficient_safe_free_plan_quadruped_single_arm / ollama_qwen3_vl_32b_instruct_q4_K_M error=False
[333] wrong_helper_negative_aggregate_001 / two_turn__tool_prior_free_plan_humanoid_dual_arm / ollama_qwen3_5_35b error=False
[334] wrong_helper_negative_aggregate_001 / multi_image__strong_decomposition_free_plan_humanoid_dual_arm / ollama_qwen3_5_35b error=False
[335] same_o1_aggregate_001 / two_turn__efficient_safe_free_plan_quadruped_single_arm / ollama_qwen3_vl_32b_instruct_q4_K_M error=False
[336] same_o1_aggregate_001 / multi_image__tool_prior_free_plan_quadruped_single_arm / ollama_qwen3_vl_32b_instruct_q4_K_M error=False
[337] wrong_helper_negative_aggregate_001 / two_turn__strong_decomposition_free_plan_humanoid_dual_arm / ollama_qwen3_5_35b error=False
[338] same_o1_aggregate_001 / two_turn__tool_prior_free_plan_quadruped_single_arm / ollama_qwen3_vl_32b_instruct_q4_K_M error=False
[339] same_o1_aggregate_001 / multi_image__strong_decomposition_free_plan_quadruped_single_arm / ollama_qwen3_vl_32b_instruct_q4_K_M error=False
[340] wrong_helper_negative_aggregate_001 / multi_image__search_explicit_strong_decomposition_free_plan_humanoid_dual_arm / ollama_qwen3_5_35b error=False
[341] same_o1_aggregate_001 / two_turn__strong_decomposition_free_plan_quadruped_single_arm / ollama_qwen3_vl_32b_instruct_q4_K_M error=False
[342] same_o1_aggregate_001 / multi_image__search_explicit_strong_decomposition_free_plan_quadruped_single_arm / ollama_qwen3_vl_32b_instruct_q4_K_M error=False
[343] wrong_helper_negative_aggregate_001 / two_turn__search_explicit_strong_decomposition_free_plan_humanoid_dual_arm / ollama_qwen3_5_35b error=False
[344] same_o1_aggregate_001 / two_turn__search_explicit_strong_decomposition_free_plan_quadruped_single_arm / ollama_qwen3_vl_32b_instruct_q4_K_M error=False
[345] wrong_helper_negative_aggregate_001 / multi_image__structured_tool_action_chain_probe_humanoid_dual_arm / ollama_qwen3_5_35b error=False
[346] same_o1_aggregate_001 / multi_image__structured_tool_action_chain_probe_quadruped_single_arm / ollama_qwen3_vl_32b_instruct_q4_K_M error=False
[347] same_o1_aggregate_001 / two_turn__structured_tool_action_chain_probe_quadruped_single_arm / ollama_qwen3_vl_32b_instruct_q4_K_M error=False
[348] wrong_helper_negative_aggregate_001 / two_turn__structured_tool_action_chain_probe_humanoid_dual_arm / ollama_qwen3_5_35b error=False
[349] same_o1_direct_001 / multi_image__natural_free_plan / ollama_qwen3_vl_32b_instruct_q4_K_M error=False
[350] wrong_helper_negative_aggregate_001 / multi_image__natural_free_plan_quadruped_single_arm / ollama_qwen3_5_35b error=False
[351] same_o1_direct_001 / two_turn__natural_free_plan / ollama_qwen3_vl_32b_instruct_q4_K_M error=False
[352] same_o1_direct_001 / multi_image__efficient_safe_free_plan / ollama_qwen3_vl_32b_instruct_q4_K_M error=False
[353] same_o1_direct_001 / two_turn__efficient_safe_free_plan / ollama_qwen3_vl_32b_instruct_q4_K_M error=False
[354] wrong_helper_negative_aggregate_001 / two_turn__natural_free_plan_quadruped_single_arm / ollama_qwen3_5_35b error=False
[355] same_o1_direct_001 / multi_image__tool_prior_free_plan / ollama_qwen3_vl_32b_instruct_q4_K_M error=False
[356] wrong_helper_negative_aggregate_001 / multi_image__efficient_safe_free_plan_quadruped_single_arm / ollama_qwen3_5_35b error=False
[357] same_o1_direct_001 / two_turn__tool_prior_free_plan / ollama_qwen3_vl_32b_instruct_q4_K_M error=False
[358] same_o1_direct_001 / multi_image__strong_decomposition_free_plan / ollama_qwen3_vl_32b_instruct_q4_K_M error=False
[359] wrong_helper_negative_aggregate_001 / two_turn__efficient_safe_free_plan_quadruped_single_arm / ollama_qwen3_5_35b error=False
[360] same_o1_direct_001 / two_turn__strong_decomposition_free_plan / ollama_qwen3_vl_32b_instruct_q4_K_M error=False
[361] same_o1_direct_001 / multi_image__search_explicit_strong_decomposition_free_plan / ollama_qwen3_vl_32b_instruct_q4_K_M error=False
[362] wrong_helper_negative_aggregate_001 / multi_image__tool_prior_free_plan_quadruped_single_arm / ollama_qwen3_5_35b error=False
[363] same_o1_direct_001 / two_turn__search_explicit_strong_decomposition_free_plan / ollama_qwen3_vl_32b_instruct_q4_K_M error=False
[364] same_o1_direct_001 / multi_image__structured_tool_probe / ollama_qwen3_vl_32b_instruct_q4_K_M error=False
[365] wrong_helper_negative_aggregate_001 / two_turn__tool_prior_free_plan_quadruped_single_arm / ollama_qwen3_5_35b error=False
[366] wrong_helper_negative_aggregate_001 / multi_image__strong_decomposition_free_plan_quadruped_single_arm / ollama_qwen3_5_35b error=False
[367] same_o1_direct_001 / two_turn__structured_tool_probe / ollama_qwen3_vl_32b_instruct_q4_K_M error=False
[368] same_o1_direct_001 / multi_image__natural_free_plan_humanoid_dual_arm / ollama_qwen3_vl_32b_instruct_q4_K_M error=False
[369] same_o1_direct_001 / two_turn__natural_free_plan_humanoid_dual_arm / ollama_qwen3_vl_32b_instruct_q4_K_M error=False
[370] wrong_helper_negative_aggregate_001 / two_turn__strong_decomposition_free_plan_quadruped_single_arm / ollama_qwen3_5_35b error=False
[371] same_o1_direct_001 / multi_image__efficient_safe_free_plan_humanoid_dual_arm / ollama_qwen3_vl_32b_instruct_q4_K_M error=False
[372] wrong_helper_negative_aggregate_001 / multi_image__search_explicit_strong_decomposition_free_plan_quadruped_single_arm / ollama_qwen3_5_35b error=False
[373] same_o1_direct_001 / two_turn__efficient_safe_free_plan_humanoid_dual_arm / ollama_qwen3_vl_32b_instruct_q4_K_M error=False
[374] same_o1_direct_001 / multi_image__tool_prior_free_plan_humanoid_dual_arm / ollama_qwen3_vl_32b_instruct_q4_K_M error=False
[375] wrong_helper_negative_aggregate_001 / two_turn__search_explicit_strong_decomposition_free_plan_quadruped_single_arm / ollama_qwen3_5_35b error=False
[376] same_o1_direct_001 / two_turn__tool_prior_free_plan_humanoid_dual_arm / ollama_qwen3_vl_32b_instruct_q4_K_M error=False
[377] same_o1_direct_001 / multi_image__strong_decomposition_free_plan_humanoid_dual_arm / ollama_qwen3_vl_32b_instruct_q4_K_M error=False
[378] wrong_helper_negative_aggregate_001 / multi_image__structured_tool_action_chain_probe_quadruped_single_arm / ollama_qwen3_5_35b error=False
[379] same_o1_direct_001 / two_turn__strong_decomposition_free_plan_humanoid_dual_arm / ollama_qwen3_vl_32b_instruct_q4_K_M error=False
[380] same_o1_direct_001 / multi_image__search_explicit_strong_decomposition_free_plan_humanoid_dual_arm / ollama_qwen3_vl_32b_instruct_q4_K_M error=False
[381] wrong_helper_negative_aggregate_001 / two_turn__structured_tool_action_chain_probe_quadruped_single_arm / ollama_qwen3_5_35b error=False
[382] same_o1_direct_001 / two_turn__search_explicit_strong_decomposition_free_plan_humanoid_dual_arm / ollama_qwen3_vl_32b_instruct_q4_K_M error=False
[383] same_o1_aggregate_001 / multi_image__natural_free_plan / ollama_qwen3_5_35b error=False
[384] same_o1_direct_001 / multi_image__structured_tool_action_chain_probe_humanoid_dual_arm / ollama_qwen3_vl_32b_instruct_q4_K_M error=False
[385] same_o1_direct_001 / two_turn__structured_tool_action_chain_probe_humanoid_dual_arm / ollama_qwen3_vl_32b_instruct_q4_K_M error=False
[386] same_o1_aggregate_001 / two_turn__natural_free_plan / ollama_qwen3_5_35b error=False
[387] same_o1_direct_001 / multi_image__natural_free_plan_quadruped_single_arm / ollama_qwen3_vl_32b_instruct_q4_K_M error=False
[388] same_o1_direct_001 / two_turn__natural_free_plan_quadruped_single_arm / ollama_qwen3_vl_32b_instruct_q4_K_M error=False
[389] same_o1_aggregate_001 / multi_image__efficient_safe_free_plan / ollama_qwen3_5_35b error=False
[390] same_o1_direct_001 / multi_image__efficient_safe_free_plan_quadruped_single_arm / ollama_qwen3_vl_32b_instruct_q4_K_M error=False
[391] same_o1_direct_001 / two_turn__efficient_safe_free_plan_quadruped_single_arm / ollama_qwen3_vl_32b_instruct_q4_K_M error=False
[392] same_o1_direct_001 / multi_image__tool_prior_free_plan_quadruped_single_arm / ollama_qwen3_vl_32b_instruct_q4_K_M error=False
[393] same_o1_aggregate_001 / two_turn__efficient_safe_free_plan / ollama_qwen3_5_35b error=False
[394] same_o1_direct_001 / two_turn__tool_prior_free_plan_quadruped_single_arm / ollama_qwen3_vl_32b_instruct_q4_K_M error=False
[395] same_o1_direct_001 / multi_image__strong_decomposition_free_plan_quadruped_single_arm / ollama_qwen3_vl_32b_instruct_q4_K_M error=False
[396] same_o1_aggregate_001 / multi_image__tool_prior_free_plan / ollama_qwen3_5_35b error=False
[397] same_o1_direct_001 / two_turn__strong_decomposition_free_plan_quadruped_single_arm / ollama_qwen3_vl_32b_instruct_q4_K_M error=False
[398] same_o1_direct_001 / multi_image__search_explicit_strong_decomposition_free_plan_quadruped_single_arm / ollama_qwen3_vl_32b_instruct_q4_K_M error=False
[399] same_o1_aggregate_001 / two_turn__tool_prior_free_plan / ollama_qwen3_5_35b error=False
[400] same_o1_direct_001 / two_turn__search_explicit_strong_decomposition_free_plan_quadruped_single_arm / ollama_qwen3_vl_32b_instruct_q4_K_M error=False
[401] same_o1_direct_001 / multi_image__structured_tool_action_chain_probe_quadruped_single_arm / ollama_qwen3_vl_32b_instruct_q4_K_M error=False
[402] same_o1_aggregate_001 / multi_image__strong_decomposition_free_plan / ollama_qwen3_5_35b error=False
[403] same_o1_direct_001 / two_turn__structured_tool_action_chain_probe_quadruped_single_arm / ollama_qwen3_vl_32b_instruct_q4_K_M error=False
[404] same_o1_reach_001 / multi_image__natural_free_plan / ollama_qwen3_vl_32b_instruct_q4_K_M error=False
[405] same_o1_reach_001 / two_turn__natural_free_plan / ollama_qwen3_vl_32b_instruct_q4_K_M error=False
[406] same_o1_aggregate_001 / two_turn__strong_decomposition_free_plan / ollama_qwen3_5_35b error=False
[407] same_o1_reach_001 / multi_image__efficient_safe_free_plan / ollama_qwen3_vl_32b_instruct_q4_K_M error=False
[408] same_o1_reach_001 / two_turn__efficient_safe_free_plan / ollama_qwen3_vl_32b_instruct_q4_K_M error=False
[409] same_o1_aggregate_001 / multi_image__search_explicit_strong_decomposition_free_plan / ollama_qwen3_5_35b error=False
[410] same_o1_reach_001 / multi_image__tool_prior_free_plan / ollama_qwen3_vl_32b_instruct_q4_K_M error=False
[411] same_o1_reach_001 / two_turn__tool_prior_free_plan / ollama_qwen3_vl_32b_instruct_q4_K_M error=False
[412] same_o1_reach_001 / multi_image__strong_decomposition_free_plan / ollama_qwen3_vl_32b_instruct_q4_K_M error=False
[413] same_o1_aggregate_001 / two_turn__search_explicit_strong_decomposition_free_plan / ollama_qwen3_5_35b error=False
[414] same_o1_reach_001 / two_turn__strong_decomposition_free_plan / ollama_qwen3_vl_32b_instruct_q4_K_M error=False
[415] same_o1_aggregate_001 / multi_image__structured_tool_probe / ollama_qwen3_5_35b error=False
[416] same_o1_reach_001 / multi_image__search_explicit_strong_decomposition_free_plan / ollama_qwen3_vl_32b_instruct_q4_K_M error=False
[417] same_o1_reach_001 / two_turn__search_explicit_strong_decomposition_free_plan / ollama_qwen3_vl_32b_instruct_q4_K_M error=False
[418] same_o1_aggregate_001 / two_turn__structured_tool_probe / ollama_qwen3_5_35b error=False
[419] same_o1_reach_001 / multi_image__structured_tool_probe / ollama_qwen3_vl_32b_instruct_q4_K_M error=False
[420] same_o1_aggregate_001 / multi_image__natural_free_plan_humanoid_dual_arm / ollama_qwen3_5_35b error=False
[421] same_o1_reach_001 / two_turn__structured_tool_probe / ollama_qwen3_vl_32b_instruct_q4_K_M error=False
[422] same_o1_reach_001 / multi_image__natural_free_plan_humanoid_dual_arm / ollama_qwen3_vl_32b_instruct_q4_K_M error=False
[423] same_o1_aggregate_001 / two_turn__natural_free_plan_humanoid_dual_arm / ollama_qwen3_5_35b error=False
[424] same_o1_reach_001 / two_turn__natural_free_plan_humanoid_dual_arm / ollama_qwen3_vl_32b_instruct_q4_K_M error=False
[425] same_o1_aggregate_001 / multi_image__efficient_safe_free_plan_humanoid_dual_arm / ollama_qwen3_5_35b error=False
[426] same_o1_reach_001 / multi_image__efficient_safe_free_plan_humanoid_dual_arm / ollama_qwen3_vl_32b_instruct_q4_K_M error=False
[427] same_o1_reach_001 / two_turn__efficient_safe_free_plan_humanoid_dual_arm / ollama_qwen3_vl_32b_instruct_q4_K_M error=False
[428] same_o1_aggregate_001 / two_turn__efficient_safe_free_plan_humanoid_dual_arm / ollama_qwen3_5_35b error=False
[429] same_o1_reach_001 / multi_image__tool_prior_free_plan_humanoid_dual_arm / ollama_qwen3_vl_32b_instruct_q4_K_M error=False
[430] same_o1_aggregate_001 / multi_image__tool_prior_free_plan_humanoid_dual_arm / ollama_qwen3_5_35b error=False
[431] same_o1_reach_001 / two_turn__tool_prior_free_plan_humanoid_dual_arm / ollama_qwen3_vl_32b_instruct_q4_K_M error=False
[432] same_o1_reach_001 / multi_image__strong_decomposition_free_plan_humanoid_dual_arm / ollama_qwen3_vl_32b_instruct_q4_K_M error=False
[433] same_o1_reach_001 / two_turn__strong_decomposition_free_plan_humanoid_dual_arm / ollama_qwen3_vl_32b_instruct_q4_K_M error=False
[434] same_o1_aggregate_001 / two_turn__tool_prior_free_plan_humanoid_dual_arm / ollama_qwen3_5_35b error=False
[435] same_o1_reach_001 / multi_image__search_explicit_strong_decomposition_free_plan_humanoid_dual_arm / ollama_qwen3_vl_32b_instruct_q4_K_M error=False
[436] same_o1_aggregate_001 / multi_image__strong_decomposition_free_plan_humanoid_dual_arm / ollama_qwen3_5_35b error=False
[437] same_o1_reach_001 / two_turn__search_explicit_strong_decomposition_free_plan_humanoid_dual_arm / ollama_qwen3_vl_32b_instruct_q4_K_M error=False
[438] same_o1_reach_001 / multi_image__structured_tool_action_chain_probe_humanoid_dual_arm / ollama_qwen3_vl_32b_instruct_q4_K_M error=False
[439] same_o1_aggregate_001 / two_turn__strong_decomposition_free_plan_humanoid_dual_arm / ollama_qwen3_5_35b error=False
[440] same_o1_reach_001 / two_turn__structured_tool_action_chain_probe_humanoid_dual_arm / ollama_qwen3_vl_32b_instruct_q4_K_M error=False
[441] same_o1_aggregate_001 / multi_image__search_explicit_strong_decomposition_free_plan_humanoid_dual_arm / ollama_qwen3_5_35b error=False
[442] same_o1_reach_001 / multi_image__natural_free_plan_quadruped_single_arm / ollama_qwen3_vl_32b_instruct_q4_K_M error=False
[443] same_o1_reach_001 / two_turn__natural_free_plan_quadruped_single_arm / ollama_qwen3_vl_32b_instruct_q4_K_M error=False
[444] same_o1_reach_001 / multi_image__efficient_safe_free_plan_quadruped_single_arm / ollama_qwen3_vl_32b_instruct_q4_K_M error=False
[445] same_o1_aggregate_001 / two_turn__search_explicit_strong_decomposition_free_plan_humanoid_dual_arm / ollama_qwen3_5_35b error=False
[446] same_o1_reach_001 / two_turn__efficient_safe_free_plan_quadruped_single_arm / ollama_qwen3_vl_32b_instruct_q4_K_M error=False
[447] same_o1_aggregate_001 / multi_image__structured_tool_action_chain_probe_humanoid_dual_arm / ollama_qwen3_5_35b error=False
[448] same_o1_reach_001 / multi_image__tool_prior_free_plan_quadruped_single_arm / ollama_qwen3_vl_32b_instruct_q4_K_M error=False
[449] same_o1_reach_001 / two_turn__tool_prior_free_plan_quadruped_single_arm / ollama_qwen3_vl_32b_instruct_q4_K_M error=False
[450] same_o1_aggregate_001 / two_turn__structured_tool_action_chain_probe_humanoid_dual_arm / ollama_qwen3_5_35b error=False
[451] same_o1_reach_001 / multi_image__strong_decomposition_free_plan_quadruped_single_arm / ollama_qwen3_vl_32b_instruct_q4_K_M error=False
[452] same_o1_aggregate_001 / multi_image__natural_free_plan_quadruped_single_arm / ollama_qwen3_5_35b error=False
[453] same_o1_reach_001 / two_turn__strong_decomposition_free_plan_quadruped_single_arm / ollama_qwen3_vl_32b_instruct_q4_K_M error=False
[454] same_o1_reach_001 / multi_image__search_explicit_strong_decomposition_free_plan_quadruped_single_arm / ollama_qwen3_vl_32b_instruct_q4_K_M error=False
[455] same_o1_aggregate_001 / two_turn__natural_free_plan_quadruped_single_arm / ollama_qwen3_5_35b error=False
[456] same_o1_reach_001 / two_turn__search_explicit_strong_decomposition_free_plan_quadruped_single_arm / ollama_qwen3_vl_32b_instruct_q4_K_M error=False
[457] same_o1_aggregate_001 / multi_image__efficient_safe_free_plan_quadruped_single_arm / ollama_qwen3_5_35b error=False
[458] same_o1_reach_001 / multi_image__structured_tool_action_chain_probe_quadruped_single_arm / ollama_qwen3_vl_32b_instruct_q4_K_M error=False
[459] same_o1_aggregate_001 / two_turn__efficient_safe_free_plan_quadruped_single_arm / ollama_qwen3_5_35b error=False
[460] same_o1_reach_001 / two_turn__structured_tool_action_chain_probe_quadruped_single_arm / ollama_qwen3_vl_32b_instruct_q4_K_M error=False
[461] same_o1_aggregate_001 / multi_image__tool_prior_free_plan_quadruped_single_arm / ollama_qwen3_5_35b error=False
[462] same_o1_aggregate_001 / two_turn__tool_prior_free_plan_quadruped_single_arm / ollama_qwen3_5_35b error=False
[463] same_o1_aggregate_001 / multi_image__strong_decomposition_free_plan_quadruped_single_arm / ollama_qwen3_5_35b error=False
[464] same_o1_aggregate_001 / two_turn__strong_decomposition_free_plan_quadruped_single_arm / ollama_qwen3_5_35b error=False
[465] same_o1_aggregate_001 / multi_image__search_explicit_strong_decomposition_free_plan_quadruped_single_arm / ollama_qwen3_5_35b error=False
[466] same_o1_aggregate_001 / two_turn__search_explicit_strong_decomposition_free_plan_quadruped_single_arm / ollama_qwen3_5_35b error=False
[467] same_o1_aggregate_001 / multi_image__structured_tool_action_chain_probe_quadruped_single_arm / ollama_qwen3_5_35b error=False
[468] same_o1_aggregate_001 / two_turn__structured_tool_action_chain_probe_quadruped_single_arm / ollama_qwen3_5_35b error=False
[469] same_o1_direct_001 / multi_image__natural_free_plan / ollama_qwen3_5_35b error=False
[470] same_o1_direct_001 / two_turn__natural_free_plan / ollama_qwen3_5_35b error=False
[471] same_o1_direct_001 / multi_image__efficient_safe_free_plan / ollama_qwen3_5_35b error=False
[472] same_o1_direct_001 / two_turn__efficient_safe_free_plan / ollama_qwen3_5_35b error=False
[473] same_o1_direct_001 / multi_image__tool_prior_free_plan / ollama_qwen3_5_35b error=False
[474] same_o1_direct_001 / two_turn__tool_prior_free_plan / ollama_qwen3_5_35b error=False
[475] same_o1_direct_001 / multi_image__strong_decomposition_free_plan / ollama_qwen3_5_35b error=False
[476] same_o1_direct_001 / two_turn__strong_decomposition_free_plan / ollama_qwen3_5_35b error=False
[477] same_o1_direct_001 / multi_image__search_explicit_strong_decomposition_free_plan / ollama_qwen3_5_35b error=False
[478] same_o1_direct_001 / two_turn__search_explicit_strong_decomposition_free_plan / ollama_qwen3_5_35b error=False
[479] same_o1_direct_001 / multi_image__structured_tool_probe / ollama_qwen3_5_35b error=False
[480] same_o1_direct_001 / two_turn__structured_tool_probe / ollama_qwen3_5_35b error=False
[481] same_o1_direct_001 / multi_image__natural_free_plan_humanoid_dual_arm / ollama_qwen3_5_35b error=False
[482] same_o1_direct_001 / two_turn__natural_free_plan_humanoid_dual_arm / ollama_qwen3_5_35b error=False
[483] same_o1_direct_001 / multi_image__efficient_safe_free_plan_humanoid_dual_arm / ollama_qwen3_5_35b error=False
[484] same_o1_direct_001 / two_turn__efficient_safe_free_plan_humanoid_dual_arm / ollama_qwen3_5_35b error=False
[485] same_o1_direct_001 / multi_image__tool_prior_free_plan_humanoid_dual_arm / ollama_qwen3_5_35b error=False
[486] same_o1_direct_001 / two_turn__tool_prior_free_plan_humanoid_dual_arm / ollama_qwen3_5_35b error=False
[487] same_o1_direct_001 / multi_image__strong_decomposition_free_plan_humanoid_dual_arm / ollama_qwen3_5_35b error=False
[488] same_o1_direct_001 / two_turn__strong_decomposition_free_plan_humanoid_dual_arm / ollama_qwen3_5_35b error=False
[489] same_o1_direct_001 / multi_image__search_explicit_strong_decomposition_free_plan_humanoid_dual_arm / ollama_qwen3_5_35b error=False
[490] same_o1_direct_001 / two_turn__search_explicit_strong_decomposition_free_plan_humanoid_dual_arm / ollama_qwen3_5_35b error=False
[491] same_o1_direct_001 / multi_image__structured_tool_action_chain_probe_humanoid_dual_arm / ollama_qwen3_5_35b error=False
[492] same_o1_direct_001 / two_turn__structured_tool_action_chain_probe_humanoid_dual_arm / ollama_qwen3_5_35b error=False
[493] same_o1_direct_001 / multi_image__natural_free_plan_quadruped_single_arm / ollama_qwen3_5_35b error=False
[494] same_o1_direct_001 / two_turn__natural_free_plan_quadruped_single_arm / ollama_qwen3_5_35b error=False
[495] same_o1_direct_001 / multi_image__efficient_safe_free_plan_quadruped_single_arm / ollama_qwen3_5_35b error=False
[496] same_o1_direct_001 / two_turn__efficient_safe_free_plan_quadruped_single_arm / ollama_qwen3_5_35b error=False
[497] same_o1_direct_001 / multi_image__tool_prior_free_plan_quadruped_single_arm / ollama_qwen3_5_35b error=False
[498] same_o1_direct_001 / two_turn__tool_prior_free_plan_quadruped_single_arm / ollama_qwen3_5_35b error=False
[499] same_o1_direct_001 / multi_image__strong_decomposition_free_plan_quadruped_single_arm / ollama_qwen3_5_35b error=False
[500] same_o1_direct_001 / two_turn__strong_decomposition_free_plan_quadruped_single_arm / ollama_qwen3_5_35b error=False
[501] same_o1_direct_001 / multi_image__search_explicit_strong_decomposition_free_plan_quadruped_single_arm / ollama_qwen3_5_35b error=False
[502] same_o1_direct_001 / two_turn__search_explicit_strong_decomposition_free_plan_quadruped_single_arm / ollama_qwen3_5_35b error=False
[503] same_o1_direct_001 / multi_image__structured_tool_action_chain_probe_quadruped_single_arm / ollama_qwen3_5_35b error=False
[504] same_o1_direct_001 / two_turn__structured_tool_action_chain_probe_quadruped_single_arm / ollama_qwen3_5_35b error=False
[505] same_o1_reach_001 / multi_image__natural_free_plan / ollama_qwen3_5_35b error=False
[506] same_o1_reach_001 / two_turn__natural_free_plan / ollama_qwen3_5_35b error=False
[507] same_o1_reach_001 / multi_image__efficient_safe_free_plan / ollama_qwen3_5_35b error=False
[508] same_o1_reach_001 / two_turn__efficient_safe_free_plan / ollama_qwen3_5_35b error=False
[509] same_o1_reach_001 / multi_image__tool_prior_free_plan / ollama_qwen3_5_35b error=False
[510] same_o1_reach_001 / two_turn__tool_prior_free_plan / ollama_qwen3_5_35b error=False
[511] same_o1_reach_001 / multi_image__strong_decomposition_free_plan / ollama_qwen3_5_35b error=False
[512] same_o1_reach_001 / two_turn__strong_decomposition_free_plan / ollama_qwen3_5_35b error=False
[513] same_o1_reach_001 / multi_image__search_explicit_strong_decomposition_free_plan / ollama_qwen3_5_35b error=False
[514] same_o1_reach_001 / two_turn__search_explicit_strong_decomposition_free_plan / ollama_qwen3_5_35b error=False
[515] same_o1_reach_001 / multi_image__structured_tool_probe / ollama_qwen3_5_35b error=False
[516] same_o1_reach_001 / two_turn__structured_tool_probe / ollama_qwen3_5_35b error=False
[517] same_o1_reach_001 / multi_image__natural_free_plan_humanoid_dual_arm / ollama_qwen3_5_35b error=False
[518] same_o1_reach_001 / two_turn__natural_free_plan_humanoid_dual_arm / ollama_qwen3_5_35b error=False
[519] same_o1_reach_001 / multi_image__efficient_safe_free_plan_humanoid_dual_arm / ollama_qwen3_5_35b error=False
[520] same_o1_reach_001 / two_turn__efficient_safe_free_plan_humanoid_dual_arm / ollama_qwen3_5_35b error=False
[521] same_o1_reach_001 / multi_image__tool_prior_free_plan_humanoid_dual_arm / ollama_qwen3_5_35b error=False
[522] same_o1_reach_001 / two_turn__tool_prior_free_plan_humanoid_dual_arm / ollama_qwen3_5_35b error=False
[523] same_o1_reach_001 / multi_image__strong_decomposition_free_plan_humanoid_dual_arm / ollama_qwen3_5_35b error=False
[524] same_o1_reach_001 / two_turn__strong_decomposition_free_plan_humanoid_dual_arm / ollama_qwen3_5_35b error=False
[525] same_o1_reach_001 / multi_image__search_explicit_strong_decomposition_free_plan_humanoid_dual_arm / ollama_qwen3_5_35b error=False
[526] same_o1_reach_001 / two_turn__search_explicit_strong_decomposition_free_plan_humanoid_dual_arm / ollama_qwen3_5_35b error=False
[527] same_o1_reach_001 / multi_image__structured_tool_action_chain_probe_humanoid_dual_arm / ollama_qwen3_5_35b error=False
[528] same_o1_reach_001 / two_turn__structured_tool_action_chain_probe_humanoid_dual_arm / ollama_qwen3_5_35b error=False
[529] same_o1_reach_001 / multi_image__natural_free_plan_quadruped_single_arm / ollama_qwen3_5_35b error=False
[530] same_o1_reach_001 / two_turn__natural_free_plan_quadruped_single_arm / ollama_qwen3_5_35b error=False
[531] same_o1_reach_001 / multi_image__efficient_safe_free_plan_quadruped_single_arm / ollama_qwen3_5_35b error=False
[532] same_o1_reach_001 / two_turn__efficient_safe_free_plan_quadruped_single_arm / ollama_qwen3_5_35b error=False
[533] same_o1_reach_001 / multi_image__tool_prior_free_plan_quadruped_single_arm / ollama_qwen3_5_35b error=False
[534] same_o1_reach_001 / two_turn__tool_prior_free_plan_quadruped_single_arm / ollama_qwen3_5_35b error=False
[535] same_o1_reach_001 / multi_image__strong_decomposition_free_plan_quadruped_single_arm / ollama_qwen3_5_35b error=False
[536] same_o1_reach_001 / two_turn__strong_decomposition_free_plan_quadruped_single_arm / ollama_qwen3_5_35b error=False
[537] same_o1_reach_001 / multi_image__search_explicit_strong_decomposition_free_plan_quadruped_single_arm / ollama_qwen3_5_35b error=False
[538] same_o1_reach_001 / two_turn__search_explicit_strong_decomposition_free_plan_quadruped_single_arm / ollama_qwen3_5_35b error=False
[539] same_o1_reach_001 / multi_image__structured_tool_action_chain_probe_quadruped_single_arm / ollama_qwen3_5_35b error=False
[540] same_o1_reach_001 / two_turn__structured_tool_action_chain_probe_quadruped_single_arm / ollama_qwen3_5_35b error=False
{"output_dir": "/home/yurunze/peter_ws/m2g_learn/20260622Fourlegged_tool_aware/code/test_current_vlm/tool_counterexample_benchmark/outputs/sequential_o0_o1_prompt_sensitivity_3models", "raw_rows": 540, "parse_success": 526, "response_status_counts": {"ok_eval": 526, "generation_budget_exhausted": 14}, "status_counts": {"fail": 194, "pass": 175, "needs_review": 157, "not_evaluated": 14}}
Prompt sensitivity evaluation complete: /home/yurunze/peter_ws/m2g_learn/20260622Fourlegged_tool_aware/code/test_current_vlm/tool_counterexample_benchmark/outputs/sequential_o0_o1_prompt_sensitivity_3models
